Component: ARM Compiler 5.06 update 3 (build 300) Tool: armlink [4d35c9]

==============================================================================

Section Cross References

    stm32f4xx_hal_gpio.o(i.HAL_GPIO_EXTI_IRQHandler) refers to main.o(i.HAL_GPIO_EXTI_Callback) for HAL_GPIO_EXTI_Callback
    stm32f4xx_hal_dac.o(i.DAC_DMAConvCpltCh1) refers to stm32f4xx_hal_dac.o(i.HAL_DAC_ConvCpltCallbackCh1) for HAL_DAC_ConvCpltCallbackCh1
    stm32f4xx_hal_dac.o(i.DAC_DMAErrorCh1) refers to stm32f4xx_hal_dac.o(i.HAL_DAC_ErrorCallbackCh1) for HAL_DAC_ErrorCallbackCh1
    stm32f4xx_hal_dac.o(i.DAC_DMAHalfConvCpltCh1) refers to stm32f4xx_hal_dac.o(i.HAL_DAC_ConvHalfCpltCallbackCh1) for HAL_DAC_ConvHalfCpltCallbackCh1
    stm32f4xx_hal_dac.o(i.HAL_DAC_DeInit) refers to stm32f4xx_hal_msp.o(i.HAL_DAC_MspDeInit) for HAL_DAC_MspDeInit
    stm32f4xx_hal_dac.o(i.HAL_DAC_IRQHandler) refers to stm32f4xx_hal_dac.o(i.HAL_DAC_DMAUnderrunCallbackCh1) for HAL_DAC_DMAUnderrunCallbackCh1
    stm32f4xx_hal_dac.o(i.HAL_DAC_IRQHandler) refers to stm32f4xx_hal_dac_ex.o(i.HAL_DACEx_DMAUnderrunCallbackCh2) for HAL_DACEx_DMAUnderrunCallbackCh2
    stm32f4xx_hal_dac.o(i.HAL_DAC_Init) refers to stm32f4xx_hal_msp.o(i.HAL_DAC_MspInit) for HAL_DAC_MspInit
    stm32f4xx_hal_dac.o(i.HAL_DAC_Start_DMA) refers to stm32f4xx_hal_dma.o(i.HAL_DMA_Start_IT) for HAL_DMA_Start_IT
    stm32f4xx_hal_dac.o(i.HAL_DAC_Start_DMA) refers to stm32f4xx_hal_dac_ex.o(i.DAC_DMAConvCpltCh2) for DAC_DMAConvCpltCh2
    stm32f4xx_hal_dac.o(i.HAL_DAC_Start_DMA) refers to stm32f4xx_hal_dac_ex.o(i.DAC_DMAHalfConvCpltCh2) for DAC_DMAHalfConvCpltCh2
    stm32f4xx_hal_dac.o(i.HAL_DAC_Start_DMA) refers to stm32f4xx_hal_dac_ex.o(i.DAC_DMAErrorCh2) for DAC_DMAErrorCh2
    stm32f4xx_hal_dac.o(i.HAL_DAC_Start_DMA) refers to stm32f4xx_hal_dac.o(i.DAC_DMAConvCpltCh1) for DAC_DMAConvCpltCh1
    stm32f4xx_hal_dac.o(i.HAL_DAC_Start_DMA) refers to stm32f4xx_hal_dac.o(i.DAC_DMAHalfConvCpltCh1) for DAC_DMAHalfConvCpltCh1
    stm32f4xx_hal_dac.o(i.HAL_DAC_Start_DMA) refers to stm32f4xx_hal_dac.o(i.DAC_DMAErrorCh1) for DAC_DMAErrorCh1
    stm32f4xx_hal_dac.o(i.HAL_DAC_Stop_DMA) refers to stm32f4xx_hal_dma.o(i.HAL_DMA_Abort) for HAL_DMA_Abort
    stm32f4xx_hal.o(i.HAL_DeInit) refers to stm32f4xx_hal.o(i.HAL_MspDeInit) for HAL_MspDeInit
    stm32f4xx_hal.o(i.HAL_Delay) refers to stm32f4xx_hal.o(i.HAL_GetTick) for HAL_GetTick
    stm32f4xx_hal.o(i.HAL_GetTick) refers to stm32f4xx_hal.o(.data) for .data
    stm32f4xx_hal.o(i.HAL_IncTick) refers to stm32f4xx_hal.o(.data) for .data
    stm32f4xx_hal.o(i.HAL_Init) refers to stm32f4xx_hal_cortex.o(i.HAL_NVIC_SetPriorityGrouping) for HAL_NVIC_SetPriorityGrouping
    stm32f4xx_hal.o(i.HAL_Init) refers to stm32f4xx_hal.o(i.HAL_InitTick) for HAL_InitTick
    stm32f4xx_hal.o(i.HAL_Init) refers to stm32f4xx_hal_msp.o(i.HAL_MspInit) for HAL_MspInit
    stm32f4xx_hal.o(i.HAL_InitTick) refers to stm32f4xx_hal_rcc.o(i.HAL_RCC_GetHCLKFreq) for HAL_RCC_GetHCLKFreq
    stm32f4xx_hal.o(i.HAL_InitTick) refers to stm32f4xx_hal_cortex.o(i.HAL_SYSTICK_Config) for HAL_SYSTICK_Config
    stm32f4xx_hal.o(i.HAL_InitTick) refers to stm32f4xx_hal_cortex.o(i.HAL_NVIC_SetPriority) for HAL_NVIC_SetPriority
    stm32f4xx_hal_dac_ex.o(i.DAC_DMAConvCpltCh2) refers to stm32f4xx_hal_dac_ex.o(i.HAL_DACEx_ConvCpltCallbackCh2) for HAL_DACEx_ConvCpltCallbackCh2
    stm32f4xx_hal_dac_ex.o(i.DAC_DMAErrorCh2) refers to stm32f4xx_hal_dac_ex.o(i.HAL_DACEx_ErrorCallbackCh2) for HAL_DACEx_ErrorCallbackCh2
    stm32f4xx_hal_dac_ex.o(i.DAC_DMAHalfConvCpltCh2) refers to stm32f4xx_hal_dac_ex.o(i.HAL_DACEx_ConvHalfCpltCallbackCh2) for HAL_DACEx_ConvHalfCpltCallbackCh2
    stm32f4xx_hal_cortex.o(i.HAL_NVIC_SetPriority) refers to stm32f4xx_hal_cortex.o(i.NVIC_SetPriority) for NVIC_SetPriority
    stm32f4xx_hal_cortex.o(i.HAL_SYSTICK_Config) refers to stm32f4xx_hal_cortex.o(i.NVIC_SetPriority) for NVIC_SetPriority
    stm32f4xx_hal_cortex.o(i.HAL_SYSTICK_IRQHandler) refers to stm32f4xx_hal_cortex.o(i.HAL_SYSTICK_Callback) for HAL_SYSTICK_Callback
    stm32f4xx_hal_tim_ex.o(i.HAL_TIMEx_ConfigCommutationEvent_DMA) refers to stm32f4xx_hal_tim_ex.o(i.TIMEx_DMACommutationCplt) for TIMEx_DMACommutationCplt
    stm32f4xx_hal_tim_ex.o(i.HAL_TIMEx_ConfigCommutationEvent_DMA) refers to stm32f4xx_hal_tim.o(i.TIM_DMAError) for TIM_DMAError
    stm32f4xx_hal_tim_ex.o(i.HAL_TIMEx_HallSensor_DeInit) refers to stm32f4xx_hal_tim_ex.o(i.HAL_TIMEx_HallSensor_MspDeInit) for HAL_TIMEx_HallSensor_MspDeInit
    stm32f4xx_hal_tim_ex.o(i.HAL_TIMEx_HallSensor_Init) refers to stm32f4xx_hal_tim_ex.o(i.HAL_TIMEx_HallSensor_MspInit) for HAL_TIMEx_HallSensor_MspInit
    stm32f4xx_hal_tim_ex.o(i.HAL_TIMEx_HallSensor_Init) refers to stm32f4xx_hal_tim.o(i.TIM_Base_SetConfig) for TIM_Base_SetConfig
    stm32f4xx_hal_tim_ex.o(i.HAL_TIMEx_HallSensor_Init) refers to stm32f4xx_hal_tim.o(i.TIM_TI1_SetConfig) for TIM_TI1_SetConfig
[...]
    ../Drivers/STM32F4xx_HAL_Driver/Src/stm32f4xx_hal_uart.c 0x00000000   Number         0  stm32f4xx_hal_uart.o ABSOLUTE
    ../Src/main.c                            0x00000000   Number         0  main.o ABSOLUTE
    ../Src/stm32f4xx_hal_msp.c               0x00000000   Number         0  stm32f4xx_hal_msp.o ABSOLUTE
    ../Src/stm32f4xx_it.c                    0x00000000   Number         0  stm32f4xx_it.o ABSOLUTE
    ../clib/microlib/division.c              0x00000000   Number         0  uldiv.o ABSOLUTE
    ../clib/microlib/division.c              0x00000000   Number         0  uidiv.o ABSOLUTE
    ../clib/microlib/init/entry.s            0x00000000   Number         0  entry9b.o ABSOLUTE
    ../clib/microlib/init/entry.s            0x00000000   Number         0  entry2.o ABSOLUTE
    ../clib/microlib/init/entry.s            0x00000000   Number         0  entry.o ABSOLUTE
    ../clib/microlib/init/entry.s            0x00000000   Number         0  entry11b.o ABSOLUTE
    ../clib/microlib/init/entry.s            0x00000000   Number         0  entry11a.o ABSOLUTE
    ../clib/microlib/init/entry.s            0x00000000   Number         0  entry10a.o ABSOLUTE
    ../clib/microlib/init/entry.s            0x00000000   Number         0  entry9a.o ABSOLUTE
    ../clib/microlib/init/entry.s            0x00000000   Number         0  entry8b.o ABSOLUTE
    ../clib/microlib/init/entry.s            0x00000000   Number         0  entry8a.o ABSOLUTE
    ../clib/microlib/init/entry.s            0x00000000   Number         0  entry7b.o ABSOLUTE
    ../clib/microlib/init/entry.s            0x00000000   Number         0  entry7a.o ABSOLUTE
    ../clib/microlib/init/entry.s            0x00000000   Number         0  entry5.o ABSOLUTE
    ../clib/microlib/init/entry.s            0x00000000   Number         0  entry10b.o ABSOLUTE
    ../clib/microlib/longlong.c              0x00000000   Number         0  llsshr.o ABSOLUTE
    ../clib/microlib/longlong.c              0x00000000   Number         0  llshl.o ABSOLUTE
    ../clib/microlib/longlong.c              0x00000000   Number         0  llushr.o ABSOLUTE
    ../clib/microlib/printf/printf.c         0x00000000   Number         0  printf8.o ABSOLUTE
    ../clib/microlib/printf/printf.c         0x00000000   Number         0  printfb.o ABSOLUTE
    ../clib/microlib/printf/printf.c         0x00000000   Number         0  printfa.o ABSOLUTE
    ../clib/microlib/printf/printf.c         0x00000000   Number         0  printf7.o ABSOLUTE
    ../clib/microlib/printf/printf.c         0x00000000   Number         0  printf6.o ABSOLUTE
    ../clib/microlib/printf/printf.c         0x00000000   Number         0  printf5.o ABSOLUTE
    ../clib/microlib/printf/printf.c         0x00000000   Number         0  printf3.o ABSOLUTE
    ../clib/microlib/printf/printf.c         0x00000000   Number         0  printf2.o ABSOLUTE
    ../clib/microlib/printf/printf.c         0x00000000   Number         0  printf1.o ABSOLUTE
    ../clib/microlib/printf/printf.c         0x00000000   Number         0  printf0.o ABSOLUTE
    ../clib/microlib/printf/printf.c         0x00000000   Number         0  printf4.o ABSOLUTE
    ../clib/microlib/printf/stubs.s          0x00000000   Number         0  stubs.o ABSOLUTE
    ../clib/microlib/string/memcpy.c         0x00000000   Number         0  memcpyb.o ABSOLUTE
    ../clib/microlib/string/memcpy.c         0x00000000   Number         0  memcpya.o ABSOLUTE
    ../clib/microlib/stubs.s                 0x00000000   Number         0  useno.o ABSOLUTE
    ../clib/microlib/stubs.s                 0x00000000   Number         0  iusefp.o ABSOLUTE
    ../fplib/microlib/fpadd.c                0x00000000   Number         0  dadd.o ABSOLUTE
    ../fplib/microlib/fpdiv.c                0x00000000   Number         0  ddiv.o ABSOLUTE
    ../fplib/microlib/fpepilogue.c           0x00000000   Number         0  depilogue.o ABSOLUTE
    ../fplib/microlib/fpfix.c                0x00000000   Number         0  dfixul.o ABSOLUTE
    ../fplib/microlib/fpfix.c                0x00000000   Number         0  dfixui.o ABSOLUTE
    ../fplib/microlib/fpflt.c                0x00000000   Number         0  dfltui.o ABSOLUTE
    ../fplib/microlib/fpmul.c                0x00000000   Number         0  dmul.o ABSOLUTE
    ../fplib/microlib/fpneg.c                0x00000000   Number         0  dneg.o ABSOLUTE
    ../mathlib/atan.c                        0x00000000   Number         0  atan_x.o ABSOLUTE
    ../mathlib/atan.c                        0x00000000   Number         0  atan.o ABSOLUTE
    ../mathlib/dunder.c                      0x00000000   Number         0  dunder.o ABSOLUTE
    ../mathlib/fabs.c                        0x00000000   Number         0  fabs.o ABSOLUTE
    ../mathlib/fpclassify.c                  0x00000000   Number         0  fpclassify.o ABSOLUTE
    ../mathlib/poly.c                        0x00000000   Number         0  poly.o ABSOLUTE
    ..\Drivers\CMSIS\Device\ST\STM32F4xx\Source\Templates\system_stm32f4xx.c 0x00000000   Number         0  system_stm32f4xx.o ABSOLUTE
    ..\Drivers\STM32F4xx_HAL_Driver\Src\stm32f4xx_hal.c 0x00000000   Number         0  stm32f4xx_hal.o ABSOLUTE
    ..\Drivers\STM32F4xx_HAL_Driver\Src\stm32f4xx_hal_cortex.c 0x00000000   Number         0  stm32f4xx_hal_cortex.o ABSOLUTE
    ..\Drivers\STM32F4xx_HAL_Driver\Src\stm32f4xx_hal_dac.c 0x00000000   Number         0  stm32f4xx_hal_dac.o ABSOLUTE
    ..\Drivers\STM32F4xx_HAL_Driver\Src\stm32f4xx_hal_dac_ex.c 0x00000000   Number         0  stm32f4xx_hal_dac_ex.o ABSOLUTE
    ..\Drivers\STM32F4xx_HAL_Driver\Src\stm32f4xx_hal_dma.c 0x00000000   Number         0  stm32f4xx_hal_dma.o ABSOLUTE
    ..\Drivers\STM32F4xx_HAL_Driver\Src\stm32f4xx_hal_dma_ex.c 0x00000000   Number         0  stm32f4xx_hal_dma_ex.o ABSOLUTE
    ..\Drivers\STM32F4xx_HAL_Driver\Src\stm32f4xx_hal_flash.c 0x00000000   Number         0  stm32f4xx_hal_flash.o ABSOLUTE
    ..\Drivers\STM32F4xx_HAL_Driver\Src\stm32f4xx_hal_flash_ex.c 0x00000000   Number         0  stm32f4xx_hal_flash_ex.o ABSOLUTE
    ..\Drivers\STM32F4xx_HAL_Driver\Src\stm32f4xx_hal_flash_ramfunc.c 0x00000000   Number         0  stm32f4xx_hal_flash_ramfunc.o ABSOLUTE
    ..\Drivers\STM32F4xx_HAL_Driver\Src\stm32f4xx_hal_gpio.c 0x00000000   Number         0  stm32f4xx_hal_gpio.o ABSOLUTE
    ..\Drivers\STM32F4xx_HAL_Driver\Src\stm32f4xx_hal_pwr.c 0x00000000   Number         0  stm32f4xx_hal_pwr.o ABSOLUTE
    ..\Drivers\STM32F4xx_HAL_Driver\Src\stm32f4xx_hal_pwr_ex.c 0x00000000   Number         0  stm32f4xx_hal_pwr_ex.o ABSOLUTE
    ..\Drivers\STM32F4xx_HAL_Driver\Src\stm32f4xx_hal_rcc.c 0x00000000   Number         0  stm32f4xx_hal_rcc.o ABSOLUTE
    ..\Drivers\STM32F4xx_HAL_Driver\Src\stm32f4xx_hal_rcc_ex.c 0x00000000   Number         0  stm32f4xx_hal_rcc_ex.o ABSOLUTE
    ..\Drivers\STM32F4xx_HAL_Driver\Src\stm32f4xx_hal_tim.c 0x00000000   Number         0  stm32f4xx_hal_tim.o ABSOLUTE
    ..\Drivers\STM32F4xx_HAL_Driver\Src\stm32f4xx_hal_tim_ex.c 0x00000000   Number         0  stm32f4xx_hal_tim_ex.o ABSOLUTE
    ..\Drivers\STM32F4xx_HAL_Driver\Src\stm32f4xx_hal_uart.c 0x00000000   Number         0  stm32f4xx_hal_uart.o ABSOLUTE
    ..\Src\led.c                             0x00000000   Number         0  led.o ABSOLUTE
    ..\Src\main.c                            0x00000000   Number         0  main.o ABSOLUTE
    ..\Src\mb.c                              0x00000000   Number         0  mb.o ABSOLUTE
    ..\Src\mbcrc.c                           0x00000000   Number         0  mbcrc.o ABSOLUTE
    ..\Src\mbfuncholding.c                   0x00000000   Number         0  mbfuncholding.o ABSOLUTE
    ..\Src\mbrtu.c                           0x00000000   Number         0  mbrtu.o ABSOLUTE
    ..\Src\mbutils.c                         0x00000000   Number         0  mbutils.o ABSOLUTE
    ..\Src\pid_control.c                     0x00000000   Number         0  pid_control.o ABSOLUTE
    ..\Src\portevent.c                       0x00000000   Number         0  portevent.o ABSOLUTE
    ..\Src\portserial.c                      0x00000000   Number         0  portserial.o ABSOLUTE
    ..\Src\porttimer.c                       0x00000000   Number         0  porttimer.o ABSOLUTE
    ..\Src\stm32f4xx_hal_msp.c               0x00000000   Number         0  stm32f4xx_hal_msp.o ABSOLUTE
    ..\Src\stm32f4xx_it.c                    0x00000000   Number         0  stm32f4xx_it.o ABSOLUTE
    ..\Src\uart.c                            0x00000000   Number         0  uart.o ABSOLUTE
    ..\\Src\\led.c                           0x00000000   Number         0  led.o ABSOLUTE
    ..\\Src\\mb.c                            0x00000000   Number         0  mb.o ABSOLUTE
    ..\\Src\\mbcrc.c                         0x00000000   Number         0  mbcrc.o ABSOLUTE
    ..\\Src\\mbfuncholding.c                 0x00000000   Number         0  mbfuncholding.o ABSOLUTE
    ..\\Src\\mbrtu.c                         0x00000000   Number         0  mbrtu.o ABSOLUTE
    ..\\Src\\mbutils.c                       0x00000000   Number         0  mbutils.o ABSOLUTE
    ..\\Src\\pid_control.c                   0x00000000   Number         0  pid_control.o ABSOLUTE
    ..\\Src\\portevent.c                     0x00000000   Number         0  portevent.o ABSOLUTE
    ..\\Src\\portserial.c                    0x00000000   Number         0  portserial.o ABSOLUTE
    ..\\Src\\porttimer.c                     0x00000000   Number         0  porttimer.o ABSOLUTE
    ..\\Src\\uart.c                          0x00000000   Number         0  uart.o ABSOLUTE
    cdcmple.s                                0x00000000   Number         0  cdcmple.o ABSOLUTE
    cdrcmple.s                               0x00000000   Number         0  cdrcmple.o ABSOLUTE
    dc.s                                     0x00000000   Number         0  dc.o ABSOLUTE
    handlers.s                               0x00000000   Number         0  handlers.o ABSOLUTE
    init.s                                   0x00000000   Number         0  init.o ABSOLUTE
    startup_stm32f429xx.s                    0x00000000   Number         0  startup_stm32f429xx.o ABSOLUTE
    RESET                                    0x08000000   Section      428  startup_stm32f429xx.o(RESET)
    .ARM.Collect$$$$00000000                 0x080001ac   Section        0  entry.o(.ARM.Collect$$$$00000000)
    .ARM.Collect$$$$00000001                 0x080001ac   Section        4  entry2.o(.ARM.Collect$$$$00000001)
    .ARM.Collect$$$$00000004                 0x080001b0   Section        4  entry5.o(.ARM.Collect$$$$00000004)
    .ARM.Collect$$$$00000008                 0x080001b4   Section        0  entry7b.o(.ARM.Collect$$$$00000008)
    .ARM.Collect$$$$0000000A                 0x080001b4   Section        0  entry8b.o(.ARM.Collect$$$$0000000A)
    .ARM.Collect$$$$0000000B                 0x080001b4   Section        8  entry9a.o(.ARM.Collect$$$$0000000B)
    .ARM.Collect$$$$0000000D                 0x080001bc   Section        0  entry10a.o(.ARM.Collect$$$$0000000D)
    .ARM.Collect$$$$0000000F                 0x080001bc   Section        0  entry11a.o(.ARM.Collect$$$$0000000F)
    .ARM.Collect$$$$00002712                 0x080001bc   Section        4  entry2.o(.ARM.Collect$$$$00002712)
    __lit__00000000                          0x080001bc   Data           4  entry2.o(.ARM.Collect$$$$00002712)
    .text                                    0x080001c0   Section       36  startup_stm32f429xx.o(.text)
    $v0                                      0x080001c0   Number         0  startup_stm32f429xx.o(.text)
    .text                                    0x080001e4   Section        0  memcpya.o(.text)
    .text                                    0x08000208   Section        0  dadd.o(.text)
    .text                                    0x08000356   Section        0  dmul.o(.text)
    .text                                    0x0800043a   Section        0  ddiv.o(.text)
    .text                                    0x08000518   Section        0  dfltui.o(.text)
    .text                                    0x08000532   Section        0  dfixui.o(.text)
    .text                                    0x08000564   Section       48  cdcmple.o(.text)
    .text                                    0x08000594   Section       48  cdrcmple.o(.text)
    .text                                    0x080005c4   Section        0  uidiv.o(.text)
    .text                                    0x080005f0   Section        0  uldiv.o(.text)
    .text                                    0x08000652   Section        0  llshl.o(.text)
    .text                                    0x08000670   Section        0  llushr.o(.text)
    .text                                    0x08000690   Section        0  llsshr.o(.text)
    .text                                    0x080006b4   Section        0  depilogue.o(.text)
    .text                                    0x080006b4   Section        0  iusefp.o(.text)
    .text                                    0x0800076e   Section        0  dfixul.o(.text)
    .text                                    0x080007a0   Section       36  init.o(.text)
    i.BusFault_Handler                       0x080007c4   Section        0  stm32f4xx_it.o(i.BusFault_Handler)
    i.CopeSerial2Data                        0x080007c8   Section        0  uart.o(i.CopeSerial2Data)
    i.DebugMon_Handler                       0x08000c24   Section        0  stm32f4xx_it.o(i.DebugMon_Handler)
    i.EXTI0_IRQHandler                       0x08000c26   Section        0  stm32f4xx_it.o(i.EXTI0_IRQHandler)
    i.EXTI15_10_IRQHandler                   0x08000c2c   Section        0  stm32f4xx_it.o(i.EXTI15_10_IRQHandler)
    i.EXTI1_IRQHandler                       0x08000c5a   Section        0  stm32f4xx_it.o(i.EXTI1_IRQHandler)
    i.HAL_DAC_ConfigChannel                  0x08000c60   Section        0  stm32f4xx_hal_dac.o(i.HAL_DAC_ConfigChannel)
    i.HAL_DAC_Init                           0x08000ca2   Section        0  stm32f4xx_hal_dac.o(i.HAL_DAC_Init)
    i.HAL_DAC_MspInit                        0x08000ccc   Section        0  stm32f4xx_hal_msp.o(i.HAL_DAC_MspInit)
    i.HAL_DAC_SetValue                       0x08000d10   Section        0  stm32f4xx_hal_dac.o(i.HAL_DAC_SetValue)
    i.HAL_DAC_Start                          0x08000d2a   Section        0  stm32f4xx_hal_dac.o(i.HAL_DAC_Start)
    i.HAL_Delay                              0x08000d96   Section        0  stm32f4xx_hal.o(i.HAL_Delay)
    i.HAL_GPIO_EXTI_Callback                 0x08000dac   Section        0  main.o(i.HAL_GPIO_EXTI_Callback)
    i.HAL_GPIO_EXTI_IRQHandler               0x08001000   Section        0  stm32f4xx_hal_gpio.o(i.HAL_GPIO_EXTI_IRQHandler)
    i.HAL_GPIO_Init                          0x08001018   Section        0  stm32f4xx_hal_gpio.o(i.HAL_GPIO_Init)
    i.HAL_GPIO_ReadPin                       0x080011e4   Section        0  stm32f4xx_hal_gpio.o(i.HAL_GPIO_ReadPin)
    i.HAL_GPIO_WritePin                      0x080011ee   Section        0  stm32f4xx_hal_gpio.o(i.HAL_GPIO_WritePin)
    i.HAL_GetTick                            0x080011f8   Section        0  stm32f4xx_hal.o(i.HAL_GetTick)
    i.HAL_IncTick                            0x08001204   Section        0  stm32f4xx_hal.o(i.HAL_IncTick)
    i.HAL_Init                               0x08001214   Section        0  stm32f4xx_hal.o(i.HAL_Init)
    i.HAL_InitTick                           0x08001248   Section        0  stm32f4xx_hal.o(i.HAL_InitTick)
    i.HAL_MspInit                            0x0800126a   Section        0  stm32f4xx_hal_msp.o(i.HAL_MspInit)
    i.HAL_NVIC_EnableIRQ                     0x080012ae   Section        0  stm32f4xx_hal_cortex.o(i.HAL_NVIC_EnableIRQ)
    i.HAL_NVIC_SetPriority                   0x080012c4   Section        0  stm32f4xx_hal_cortex.o(i.HAL_NVIC_SetPriority)
    i.HAL_NVIC_SetPriorityGrouping           0x08001304   Section        0  stm32f4xx_hal_cortex.o(i.HAL_NVIC_SetPriorityGrouping)
    i.HAL_PWREx_EnableOverDrive              0x08001328   Section        0  stm32f4xx_hal_pwr_ex.o(i.HAL_PWREx_EnableOverDrive)
    i.HAL_RCC_ClockConfig                    0x080013b4   Section        0  stm32f4xx_hal_rcc.o(i.HAL_RCC_ClockConfig)
    i.HAL_RCC_GetHCLKFreq                    0x080014f4   Section        0  stm32f4xx_hal_rcc.o(i.HAL_RCC_GetHCLKFreq)
    i.HAL_RCC_GetPCLK1Freq                   0x08001528   Section        0  stm32f4xx_hal_rcc.o(i.HAL_RCC_GetPCLK1Freq)
    i.HAL_RCC_GetPCLK2Freq                   0x08001554   Section        0  stm32f4xx_hal_rcc.o(i.HAL_RCC_GetPCLK2Freq)
    i.HAL_RCC_GetSysClockFreq                0x08001580   Section        0  stm32f4xx_hal_rcc.o(i.HAL_RCC_GetSysClockFreq)
    i.HAL_RCC_OscConfig                      0x080015f4   Section        0  stm32f4xx_hal_rcc.o(i.HAL_RCC_OscConfig)
    i.HAL_SYSTICK_CLKSourceConfig            0x080018d8   Section        0  stm32f4xx_hal_cortex.o(i.HAL_SYSTICK_CLKSourceConfig)
    i.HAL_SYSTICK_Callback                   0x080018f0   Section        0  stm32f4xx_hal_cortex.o(i.HAL_SYSTICK_Callback)
    i.HAL_SYSTICK_Config                     0x080018f2   Section        0  stm32f4xx_hal_cortex.o(i.HAL_SYSTICK_Config)
    i.HAL_SYSTICK_IRQHandler                 0x0800191a   Section        0  stm32f4xx_hal_cortex.o(i.HAL_SYSTICK_IRQHandler)
    i.HAL_TIMEx_BreakCallback                0x08001922   Section        0  stm32f4xx_hal_tim_ex.o(i.HAL_TIMEx_BreakCallback)
    i.HAL_TIMEx_CommutationCallback          0x08001924   Section        0  stm32f4xx_hal_tim_ex.o(i.HAL_TIMEx_CommutationCallback)
    i.HAL_TIMEx_MasterConfigSynchronization  0x08001926   Section        0  stm32f4xx_hal_tim_ex.o(i.HAL_TIMEx_MasterConfigSynchronization)
    i.HAL_TIM_Base_Init                      0x08001976   Section        0  stm32f4xx_hal_tim.o(i.HAL_TIM_Base_Init)
    i.HAL_TIM_Base_MspInit                   0x080019ac   Section        0  stm32f4xx_hal_msp.o(i.HAL_TIM_Base_MspInit)
    i.HAL_TIM_Base_Start_IT                  0x08001a10   Section        0  stm32f4xx_hal_tim.o(i.HAL_TIM_Base_Start_IT)
    i.HAL_TIM_Base_Stop_IT                   0x08001a28   Section        0  stm32f4xx_hal_tim.o(i.HAL_TIM_Base_Stop_IT)
    i.HAL_TIM_ConfigClockSource              0x08001a52   Section        0  stm32f4xx_hal_tim.o(i.HAL_TIM_ConfigClockSource)
    i.HAL_TIM_Encoder_Init                   0x08001b44   Section        0  stm32f4xx_hal_tim.o(i.HAL_TIM_Encoder_Init)
    i.HAL_TIM_Encoder_MspInit                0x08001bdc   Section        0  stm32f4xx_hal_msp.o(i.HAL_TIM_Encoder_MspInit)
    i.HAL_TIM_IC_CaptureCallback             0x08001c20   Section        0  stm32f4xx_hal_tim.o(i.HAL_TIM_IC_CaptureCallback)
    i.HAL_TIM_IRQHandler                     0x08001c22   Section        0  stm32f4xx_hal_tim.o(i.HAL_TIM_IRQHandler)
    i.HAL_TIM_OC_DelayElapsedCallback        0x08001d88   Section        0  stm32f4xx_hal_tim.o(i.HAL_TIM_OC_DelayElapsedCallback)
    i.HAL_TIM_PWM_PulseFinishedCallback      0x08001d8a   Section        0  stm32f4xx_hal_tim.o(i.HAL_TIM_PWM_PulseFinishedCallback)
    i.HAL_TIM_PeriodElapsedCallback          0x08001d8c   Section        0  main.o(i.HAL_TIM_PeriodElapsedCallback)
    i.HAL_TIM_TriggerCallback                0x08001dc0   Section        0  stm32f4xx_hal_tim.o(i.HAL_TIM_TriggerCallback)
    i.HAL_UART_ErrorCallback                 0x08001dc2   Section        0  stm32f4xx_hal_uart.o(i.HAL_UART_ErrorCallback)
    i.HAL_UART_IRQHandler                    0x08001dc4   Section        0  stm32f4xx_hal_uart.o(i.HAL_UART_IRQHandler)
    i.HAL_UART_Init                          0x08001eac   Section        0  stm32f4xx_hal_uart.o(i.HAL_UART_Init)
    i.HAL_UART_MspInit                       0x08001f10   Section        0  stm32f4xx_hal_msp.o(i.HAL_UART_MspInit)
    i.HAL_UART_Receive_IT                    0x08002018   Section        0  stm32f4xx_hal_uart.o(i.HAL_UART_Receive_IT)
    i.HAL_UART_RxCpltCallback                0x08002070   Section        0  main.o(i.HAL_UART_RxCpltCallback)
    i.HAL_UART_Transmit                      0x0800208c   Section        0  stm32f4xx_hal_uart.o(i.HAL_UART_Transmit)
    i.HAL_UART_Transmit_IT                   0x08002136   Section        0  stm32f4xx_hal_uart.o(i.HAL_UART_Transmit_IT)
    i.HAL_UART_TxCpltCallback                0x08002174   Section        0  main.o(i.HAL_UART_TxCpltCallback)
    i.HardFault_Handler                      0x08002190   Section        0  stm32f4xx_it.o(i.HardFault_Handler)
    i.Ini_LED                                0x08002194   Section        0  led.o(i.Ini_LED)
    i.MX_GPIO_Init                           0x08002218   Section        0  main.o(i.MX_GPIO_Init)
    MX_GPIO_Init                             0x08002219   Thumb Code   278  main.o(i.MX_GPIO_Init)
    i.MX_TIM2_Init                           0x08002348   Section        0  main.o(i.MX_TIM2_Init)
    MX_TIM2_Init                             0x08002349   Thumb Code    72  main.o(i.MX_TIM2_Init)
    i.MemManage_Handler                      0x08002398   Section        0  stm32f4xx_it.o(i.MemManage_Handler)
    i.NMI_Handler                            0x0800239a   Section        0  stm32f4xx_it.o(i.NMI_Handler)
    i.NVIC_SetPriority                       0x0800239c   Section        0  stm32f4xx_hal_cortex.o(i.NVIC_SetPriority)
    NVIC_SetPriority                         0x0800239d   Thumb Code    32  stm32f4xx_hal_cortex.o(i.NVIC_SetPriority)
    i.SysTick_Handler                        0x080023bc   Section        0  stm32f4xx_it.o(i.SysTick_Handler)
    i.SystemClock_Config                     0x080023cc   Section        0  main.o(i.SystemClock_Config)
    i.SystemInit                             0x08002464   Section        0  system_stm32f4xx.o(i.SystemInit)
    i.TIM3_IRQHandler                        0x080024b8   Section        0  stm32f4xx_it.o(i.TIM3_IRQHandler)
    i.TIM7_IRQHandler                        0x080024c4   Section        0  stm32f4xx_it.o(i.TIM7_IRQHandler)
    i.TIM_Base_SetConfig                     0x080024d0   Section        0  stm32f4xx_hal_tim.o(i.TIM_Base_SetConfig)
    i.TIM_ETR_SetConfig                      0x08002590   Section        0  stm32f4xx_hal_tim.o(i.TIM_ETR_SetConfig)
    TIM_ETR_SetConfig                        0x08002591   Thumb Code    20  stm32f4xx_hal_tim.o(i.TIM_ETR_SetConfig)
    i.TIM_ITRx_SetConfig                     0x080025a4   Section        0  stm32f4xx_hal_tim.o(i.TIM_ITRx_SetConfig)
    TIM_ITRx_SetConfig                       0x080025a5   Thumb Code    16  stm32f4xx_hal_tim.o(i.TIM_ITRx_SetConfig)
    i.TIM_TI1_ConfigInputStage               0x080025b4   Section        0  stm32f4xx_hal_tim.o(i.TIM_TI1_ConfigInputStage)
    TIM_TI1_ConfigInputStage                 0x080025b5   Thumb Code    34  stm32f4xx_hal_tim.o(i.TIM_TI1_ConfigInputStage)
    i.TIM_TI2_ConfigInputStage               0x080025d6   Section        0  stm32f4xx_hal_tim.o(i.TIM_TI2_ConfigInputStage)
    TIM_TI2_ConfigInputStage                 0x080025d7   Thumb Code    36  stm32f4xx_hal_tim.o(i.TIM_TI2_ConfigInputStage)
    i.UART4_IRQHandler                       0x080025fc   Section        0  stm32f4xx_it.o(i.UART4_IRQHandler)
    i.UART_Receive_IT                        0x08002634   Section        0  stm32f4xx_hal_uart.o(i.UART_Receive_IT)
    UART_Receive_IT                          0x08002635   Thumb Code   150  stm32f4xx_hal_uart.o(i.UART_Receive_IT)
    i.UART_SetConfig                         0x080026cc   Section        0  stm32f4xx_hal_uart.o(i.UART_SetConfig)
    UART_SetConfig                           0x080026cd   Thumb Code   676  stm32f4xx_hal_uart.o(i.UART_SetConfig)
    i.UART_Transmit_IT                       0x08002978   Section        0  stm32f4xx_hal_uart.o(i.UART_Transmit_IT)
    UART_Transmit_IT                         0x08002979   Thumb Code    98  stm32f4xx_hal_uart.o(i.UART_Transmit_IT)
    i.UART_WaitOnFlagUntilTimeout            0x080029da   Section        0  stm32f4xx_hal_uart.o(i.UART_WaitOnFlagUntilTimeout)
    UART_WaitOnFlagUntilTimeout              0x080029db   Thumb Code   150  stm32f4xx_hal_uart.o(i.UART_WaitOnFlagUntilTimeout)
    i.USART3_IRQHandler                      0x08002a70   Section        0  stm32f4xx_it.o(i.USART3_IRQHandler)
    i.USART6_IRQHandler                      0x08002a7c   Section        0  stm32f4xx_it.o(i.USART6_IRQHandler)
    i.UsageFault_Handler                     0x08002a88   Section        0  stm32f4xx_it.o(i.UsageFault_Handler)
    i.__0printf                              0x08002a8c   Section        0  printfa.o(i.__0printf)
    i.__ARM_fpclassify                       0x08002aac   Section        0  fpclassify.o(i.__ARM_fpclassify)
    i.__hardfp_atan                          0x08002ae0   Section        0  atan.o(i.__hardfp_atan)
    i.__hardfp_fabs                          0x08002db8   Section        0  fabs.o(i.__hardfp_fabs)
    i.__kernel_poly                          0x08002dcc   Section        0  poly.o(i.__kernel_poly)
    i.__mathlib_dbl_infnan                   0x08002ec4   Section        0  dunder.o(i.__mathlib_dbl_infnan)
    i.__mathlib_dbl_underflow                0x08002ed8   Section        0  dunder.o(i.__mathlib_dbl_underflow)
    i.__scatterload_copy                     0x08002ef8   Section       14  handlers.o(i.__scatterload_copy)
    i.__scatterload_null                     0x08002f06   Section        2  handlers.o(i.__scatterload_null)
    i.__scatterload_zeroinit                 0x08002f08   Section       14  handlers.o(i.__scatterload_zeroinit)
    i._fp_digits                             0x08002f18   Section        0  printfa.o(i._fp_digits)
    _fp_digits                               0x08002f19   Thumb Code   366  printfa.o(i._fp_digits)
    i._printf_core                           0x0800309c   Section        0  printfa.o(i._printf_core)
    _printf_core                             0x0800309d   Thumb Code  1744  printfa.o(i._printf_core)
    i._printf_post_padding                   0x08003778   Section        0  printfa.o(i._printf_post_padding)
    _printf_post_padding                     0x08003779   Thumb Code    36  printfa.o(i._printf_post_padding)
    i._printf_pre_padding                    0x0800379c   Section        0  printfa.o(i._printf_pre_padding)
    _printf_pre_padding                      0x0800379d   Thumb Code    46  printfa.o(i._printf_pre_padding)
    i.eMBEnable                              0x080037cc   Section        0  mb.o(i.eMBEnable)
    i.eMBFuncReadHoldingRegister             0x080037ec   Section        0  mbfuncholding.o(i.eMBFuncReadHoldingRegister)
    i.eMBFuncWriteHoldingRegister            0x08003920   Section        0  mbfuncholding.o(i.eMBFuncWriteHoldingRegister)
    i.eMBInit                                0x08003a08   Section        0  mb.o(i.eMBInit)
    i.eMBPoll                                0x08003ad4   Section        0  mb.o(i.eMBPoll)
    i.eMBRTUInit                             0x08003ba4   Section        0  mbrtu.o(i.eMBRTUInit)
    i.eMBRTUReceive                          0x08003c40   Section        0  mbrtu.o(i.eMBRTUReceive)
    i.eMBRTUSend                             0x08003c98   Section        0  mbrtu.o(i.eMBRTUSend)
    i.eMBRTUStart                            0x08003cf0   Section        0  mbrtu.o(i.eMBRTUStart)
    i.eMBRTUStop                             0x08003d0c   Section        0  mbrtu.o(i.eMBRTUStop)
    i.eMBRegHoldingCB                        0x08003d20   Section        0  mbfuncholding.o(i.eMBRegHoldingCB)
    i.fabs                                   0x08003d84   Section        0  fabs.o(i.fabs)
    i.fputc                                  0x08003d9c   Section        0  uart.o(i.fputc)
    i.main                                   0x08003db4   Section        0  main.o(i.main)
    i.pid_control                            0x08004060   Section        0  pid_control.o(i.pid_control)
    i.prveMBError2Exception                  0x08004104   Section        0  mbutils.o(i.prveMBError2Exception)
    i.rad2deg                                0x0800411c   Section        0  uart.o(i.rad2deg)
    i.uart_enc                               0x08004150   Section        0  uart.o(i.uart_enc)
    i.unxx_led_timer_callback                0x08004178   Section        0  led.o(i.unxx_led_timer_callback)
    i.usMBCRC16                              0x080041a0   Section        0  mbcrc.o(i.usMBCRC16)
    i.vMBPortSerialEnable                    0x080041cc   Section        0  portserial.o(i.vMBPortSerialEnable)
    i.vMBPortTimersDisable                   0x08004250   Section        0  porttimer.o(i.vMBPortTimersDisable)
    i.vMBPortTimersEnable                    0x0800425c   Section        0  porttimer.o(i.vMBPortTimersEnable)
    i.xMBPortEventGet                        0x08004270   Section        0  portevent.o(i.xMBPortEventGet)
    i.xMBPortEventInit                       0x0800428c   Section        0  portevent.o(i.xMBPortEventInit)
    i.xMBPortEventPost                       0x0800429c   Section        0  portevent.o(i.xMBPortEventPost)
    i.xMBPortSerialGetByte                   0x080042ac   Section        0  portserial.o(i.xMBPortSerialGetByte)
    i.xMBPortSerialInit                      0x080042cc   Section        0  portserial.o(i.xMBPortSerialInit)
    i.xMBPortSerialPutByte                   0x08004334   Section        0  portserial.o(i.xMBPortSerialPutByte)
    i.xMBPortTimersInit                      0x08004364   Section        0  porttimer.o(i.xMBPortTimersInit)
    i.xMBRTUReceiveFSM                       0x080043ac   Section        0  mbrtu.o(i.xMBRTUReceiveFSM)
    i.xMBRTUTimerT35Expired                  0x08004410   Section        0  mbrtu.o(i.xMBRTUTimerT35Expired)
    i.xMBRTUTransmitFSM                      0x08004438   Section        0  mbrtu.o(i.xMBRTUTransmitFSM)
    .constdata                               0x08004488   Section       16  stm32f4xx_hal_rcc.o(.constdata)
    .constdata                               0x08004498   Section       20  main.o(.constdata)
    .constdata                               0x080044ac   Section      512  mbcrc.o(.constdata)
    aucCRCHi                                 0x080044ac   Data         256  mbcrc.o(.constdata)
    aucCRCLo                                 0x080045ac   Data         256  mbcrc.o(.constdata)
    .constdata                               0x080046b0   Section      152  atan.o(.constdata)
    atanhi                                   0x080046b0   Data          32  atan.o(.constdata)
    atanlo                                   0x080046d0   Data          32  atan.o(.constdata)
    aTodd                                    0x080046f0   Data          40  atan.o(.constdata)
    aTeven                                   0x08004718   Data          48  atan.o(.constdata)
    .data                                    0x20000000   Section        4  stm32f4xx_hal.o(.data)
    .data                                    0x20000008   Section       32  main.o(.data)
    .data                                    0x20000028   Section       20  pid_control.o(.data)
    err                                      0x20000030   Data           4  pid_control.o(.data)
    err_next                                 0x20000034   Data           4  pid_control.o(.data)
    err_last                                 0x20000038   Data           4  pid_control.o(.data)
    .data                                    0x2000003c   Section        4  uart.o(.data)
    ucRxCnt                                  0x2000003c   Data           1  uart.o(.data)
    arr_num                                  0x2000003e   Data           2  uart.o(.data)
    .data                                    0x20000040   Section        4  uart.o(.data)
    .data                                    0x20000044   Section        4  system_stm32f4xx.o(.data)
    .data                                    0x20000048   Section      172  mb.o(.data)
    eMBState                                 0x20000048   Data           1  mb.o(.data)
    ucRcvAddress                             0x20000049   Data           1  mb.o(.data)
    ucFunctionCode                           0x2000004a   Data           1  mb.o(.data)
    eException                               0x2000004b   Data           1  mb.o(.data)
    ucMBAddress                              0x2000004c   Data           1  mb.o(.data)
    eMBCurrentMode                           0x2000004d   Data           1  mb.o(.data)
    usLength                                 0x2000004e   Data           2  mb.o(.data)
    ucMBFrame                                0x20000050   Data           4  mb.o(.data)
    peMBFrameSendCur                         0x20000054   Data           4  mb.o(.data)
    pvMBFrameStartCur                        0x20000058   Data           4  mb.o(.data)
    pvMBFrameStopCur                         0x2000005c   Data           4  mb.o(.data)
    peMBFrameReceiveCur                      0x20000060   Data           4  mb.o(.data)
    pvMBFrameCloseCur                        0x20000064   Data           4  mb.o(.data)
    xFuncHandlers                            0x20000074   Data         128  mb.o(.data)
    .data                                    0x200000f4   Section       16  mbfuncholding.o(.data)
    .data                                    0x20000104   Section       12  mbrtu.o(.data)
    eSndState                                0x20000104   Data           1  mbrtu.o(.data)
    eRcvState                                0x20000105   Data           1  mbrtu.o(.data)
    usSndBufferCount                         0x20000106   Data           2  mbrtu.o(.data)
    usRcvBufferPos                           0x20000108   Data           2  mbrtu.o(.data)
    pucSndBufferCur                          0x2000010c   Data           4  mbrtu.o(.data)
    .data                                    0x20000110   Section        2  portevent.o(.data)
    eQueuedEvent                             0x20000110   Data           1  portevent.o(.data)
    xEventInQueue                            0x20000111   Data           1  portevent.o(.data)
    .data                                    0x20000112   Section        1  portserial.o(.data)
    recv_byte                                0x20000112   Data           1  portserial.o(.data)
    .bss                                     0x20000114   Section      456  main.o(.bss)
    .bss                                     0x200002e0   Section     5080  uart.o(.bss)
    ucRxBuffer                               0x200002e0   Data         250  uart.o(.bss)
    north_v_arr                              0x200003e0   Data         800  uart.o(.bss)
    east_v_arr                               0x20000700   Data         800  uart.o(.bss)
    azimuth_arr                              0x20000a20   Data         800  uart.o(.bss)
    .bss                                     0x200016b8   Section      256  mbrtu.o(.bss)
    STACK                                    0x200017b8   Section     1024  startup_stm32f429xx.o(STACK)

    Global Symbols

    Symbol Name                              Value     Ov Type        Size  Object(Section)

    BuildAttributes$$THM_ISAv4$E$P$D$K$B$S$7EM$VFPi3$EXTD16$VFPS$VFMA$PE$A:L22UL41UL21$X:L11$S22US41US21$IEEE1$IW$USESV6$~STKCKD$USESV7$~SHL$OTIME$ROPI$IEEEX$EBA8$MICROLIB$REQ8$PRES8$EABIv2 0x00000000   Number         0  anon$$obj.o ABSOLUTE
    __ARM_use_no_argv                        0x00000000   Number         0  main.o ABSOLUTE
    __use_no_errno                           0x00000000   Number         0  useno.o ABSOLUTE
    __use_no_exception_handling              0x00000000   Number         0  useno.o ABSOLUTE
    __use_no_fp                              0x00000000   Number         0  useno.o ABSOLUTE
    __use_no_heap                            0x00000000   Number         0  useno.o ABSOLUTE
    __use_no_heap_region                     0x00000000   Number         0  useno.o ABSOLUTE
    __use_no_semihosting                     0x00000000   Number         0  useno.o ABSOLUTE
    __use_no_semihosting_swi                 0x00000000   Number         0  useno.o ABSOLUTE
    __use_no_signal_handling                 0x00000000   Number         0  useno.o ABSOLUTE
    _printf_a                                0x00000000   Number         0  stubs.o ABSOLUTE
    _printf_c                                0x00000000   Number         0  stubs.o ABSOLUTE
    _printf_charcount                        0x00000000   Number         0  stubs.o ABSOLUTE
    _printf_d                                0x00000000   Number         0  stubs.o ABSOLUTE
    _printf_e                                0x00000000   Number         0  stubs.o ABSOLUTE
    _printf_f                                0x00000000   Number         0  stubs.o ABSOLUTE
    _printf_flags                            0x00000000   Number         0  stubs.o ABSOLUTE
    _printf_fp_dec                           0x00000000   Number         0  stubs.o ABSOLUTE
    _printf_fp_hex                           0x00000000   Number         0  stubs.o ABSOLUTE
    _printf_g                                0x00000000   Number         0  stubs.o ABSOLUTE
    _printf_i                                0x00000000   Number         0  stubs.o ABSOLUTE
    _printf_int_dec                          0x00000000   Number         0  stubs.o ABSOLUTE
    _printf_l                                0x00000000   Number         0  stubs.o ABSOLUTE
    _printf_lc                               0x00000000   Number         0  stubs.o ABSOLUTE
    _printf_ll                               0x00000000   Number         0  stubs.o ABSOLUTE
    _printf_lld                              0x00000000   Number         0  stubs.o ABSOLUTE
    _printf_lli                              0x00000000   Number         0  stubs.o ABSOLUTE
    _printf_llo                              0x00000000   Number         0  stubs.o ABSOLUTE
    _printf_llu                              0x00000000   Number         0  stubs.o ABSOLUTE
    _printf_llx                              0x00000000   Number         0  stubs.o ABSOLUTE
    _printf_longlong_dec                     0x00000000   Number         0  stubs.o ABSOLUTE
    _printf_longlong_hex                     0x00000000   Number         0  stubs.o ABSOLUTE
    _printf_longlong_oct                     0x00000000   Number         0  stubs.o ABSOLUTE
    _printf_ls                               0x00000000   Number         0  stubs.o ABSOLUTE
    _printf_mbtowc                           0x00000000   Number         0  stubs.o ABSOLUTE
    _printf_n                                0x00000000   Number         0  stubs.o ABSOLUTE
    _printf_o                                0x00000000   Number         0  stubs.o ABSOLUTE
    _printf_p                                0x00000000   Number         0  stubs.o ABSOLUTE
    _printf_percent                          0x00000000   Number         0  stubs.o ABSOLUTE
    _printf_pre_padding                      0x00000000   Number         0  stubs.o ABSOLUTE
    _printf_return_value                     0x00000000   Number         0  stubs.o ABSOLUTE
    _printf_s                                0x00000000   Number         0  stubs.o ABSOLUTE
    _printf_sizespec                         0x00000000   Number         0  stubs.o ABSOLUTE
    _printf_str                              0x00000000   Number         0  stubs.o ABSOLUTE
    _printf_truncate_signed                  0x00000000   Number         0  stubs.o ABSOLUTE
    _printf_truncate_unsigned                0x00000000   Number         0  stubs.o ABSOLUTE
    _printf_u                                0x00000000   Number         0  stubs.o ABSOLUTE
    _printf_wc                               0x00000000   Number         0  stubs.o ABSOLUTE
    _printf_wctomb                           0x00000000   Number         0  stubs.o ABSOLUTE
    _printf_widthprec                        0x00000000   Number         0  stubs.o ABSOLUTE
    _printf_x                                0x00000000   Number         0  stubs.o ABSOLUTE
    __cpp_initialize__aeabi_                  - Undefined Weak Reference
    __cxa_finalize                            - Undefined Weak Reference
    __decompress                              - Undefined Weak Reference
    _clock_init                               - Undefined Weak Reference
    _microlib_exit                            - Undefined Weak Reference
    __Vectors_Size                           0x000001ac   Number         0  startup_stm32f429xx.o ABSOLUTE
    __Vectors                                0x08000000   Data           4  startup_stm32f429xx.o(RESET)
    __Vectors_End                            0x080001ac   Data           0  startup_stm32f429xx.o(RESET)
    __main                                   0x080001ad   Thumb Code     0  entry.o(.ARM.Collect$$$$00000000)
    _main_stk                                0x080001ad   Thumb Code     0  entry2.o(.ARM.Collect$$$$00000001)
    _main_scatterload                        0x080001b1   Thumb Code     0  entry5.o(.ARM.Collect$$$$00000004)
    __main_after_scatterload                 0x080001b5   Thumb Code     0  entry5.o(.ARM.Collect$$$$00000004)
    _main_clock                              0x080001b5   Thumb Code     0  entry7b.o(.ARM.Collect$$$$00000008)
    _main_cpp_init                           0x080001b5   Thumb Code     0  entry8b.o(.ARM.Collect$$$$0000000A)
    _main_init                               0x080001b5   Thumb Code     0  entry9a.o(.ARM.Collect$$$$0000000B)
    __rt_final_cpp                           0x080001bd   Thumb Code     0  entry10a.o(.ARM.Collect$$$$0000000D)
    __rt_final_exit                          0x080001bd   Thumb Code     0  entry11a.o(.ARM.Collect$$$$0000000F)
    Reset_Handler                            0x080001c1   Thumb Code     8  startup_stm32f429xx.o(.text)
    SVC_Handler                              0x080001d3   Thumb Code     2  startup_stm32f429xx.o(.text)
    PendSV_Handler                           0x080001d7   Thumb Code     2  startup_stm32f429xx.o(.text)
    ADC_IRQHandler                           0x080001db   Thumb Code     0  startup_stm32f429xx.o(.text)
    CAN1_RX0_IRQHandler                      0x080001db   Thumb Code     0  startup_stm32f429xx.o(.text)
    CAN1_RX1_IRQHandler                      0x080001db   Thumb Code     0  startup_stm32f429xx.o(.text)
    CAN1_SCE_IRQHandler                      0x080001db   Thumb Code     0  startup_stm32f429xx.o(.text)
    CAN1_TX_IRQHandler                       0x080001db   Thumb Code     0  startup_stm32f429xx.o(.text)
    CAN2_RX0_IRQHandler                      0x080001db   Thumb Code     0  startup_stm32f429xx.o(.text)
    CAN2_RX1_IRQHandler                      0x080001db   Thumb Code     0  startup_stm32f429xx.o(.text)
    CAN2_SCE_IRQHandler                      0x080001db   Thumb Code     0  startup_stm32f429xx.o(.text)
    CAN2_TX_IRQHandler                       0x080001db   Thumb Code     0  startup_stm32f429xx.o(.text)
    DCMI_IRQHandler                          0x080001db   Thumb Code     0  startup_stm32f429xx.o(.text)
    DMA1_Stream0_IRQHandler                  0x080001db   Thumb Code     0  startup_stm32f429xx.o(.text)
    DMA1_Stream1_IRQHandler                  0x080001db   Thumb Code     0  startup_stm32f429xx.o(.text)
    DMA1_Stream2_IRQHandler                  0x080001db   Thumb Code     0  startup_stm32f429xx.o(.text)
    DMA1_Stream3_IRQHandler                  0x080001db   Thumb Code     0  startup_stm32f429xx.o(.text)
    DMA1_Stream4_IRQHandler                  0x080001db   Thumb Code     0  startup_stm32f429xx.o(.text)
    DMA1_Stream5_IRQHandler                  0x080001db   Thumb Code     0  startup_stm32f429xx.o(.text)
    DMA1_Stream6_IRQHandler                  0x080001db   Thumb Code     0  startup_stm32f429xx.o(.text)
    DMA1_Stream7_IRQHandler                  0x080001db   Thumb Code     0  startup_stm32f429xx.o(.text)
    DMA2D_IRQHandler                         0x080001db   Thumb Code     0  startup_stm32f429xx.o(.text)
    DMA2_Stream0_IRQHandler                  0x080001db   Thumb Code     0  startup_stm32f429xx.o(.text)
    DMA2_Stream1_IRQHandler                  0x080001db   Thumb Code     0  startup_stm32f429xx.o(.text)
    DMA2_Stream2_IRQHandler                  0x080001db   Thumb Code     0  startup_stm32f429xx.o(.text)
    DMA2_Stream3_IRQHandler                  0x080001db   Thumb Code     0  startup_stm32f429xx.o(.text)
    DMA2_Stream4_IRQHandler                  0x080001db   Thumb Code     0  startup_stm32f429xx.o(.text)
    DMA2_Stream5_IRQHandler                  0x080001db   Thumb Code     0  startup_stm32f429xx.o(.text)
    DMA2_Stream6_IRQHandler                  0x080001db   Thumb Code     0  startup_stm32f429xx.o(.text)
    DMA2_Stream7_IRQHandler                  0x080001db   Thumb Code     0  startup_stm32f429xx.o(.text)
    ETH_IRQHandler                           0x080001db   Thumb Code     0  startup_stm32f429xx.o(.text)
    ETH_WKUP_IRQHandler                      0x080001db   Thumb Code     0  startup_stm32f429xx.o(.text)
    EXTI2_IRQHandler                         0x080001db   Thumb Code     0  startup_stm32f429xx.o(.text)
    EXTI3_IRQHandler                         0x080001db   Thumb Code     0  startup_stm32f429xx.o(.text)
    EXTI4_IRQHandler                         0x080001db   Thumb Code     0  startup_stm32f429xx.o(.text)
    EXTI9_5_IRQHandler                       0x080001db   Thumb Code     0  startup_stm32f429xx.o(.text)
    FLASH_IRQHandler                         0x080001db   Thumb Code     0  startup_stm32f429xx.o(.text)
    FMC_IRQHandler                           0x080001db   Thumb Code     0  startup_stm32f429xx.o(.text)
    FPU_IRQHandler                           0x080001db   Thumb Code     0  startup_stm32f429xx.o(.text)
    HASH_RNG_IRQHandler                      0x080001db   Thumb Code     0  startup_stm32f429xx.o(.text)
    I2C1_ER_IRQHandler                       0x080001db   Thumb Code     0  startup_stm32f429xx.o(.text)
    I2C1_EV_IRQHandler                       0x080001db   Thumb Code     0  startup_stm32f429xx.o(.text)
    I2C2_ER_IRQHandler                       0x080001db   Thumb Code     0  startup_stm32f429xx.o(.text)
    I2C2_EV_IRQHandler                       0x080001db   Thumb Code     0  startup_stm32f429xx.o(.text)
    I2C3_ER_IRQHandler                       0x080001db   Thumb Code     0  startup_stm32f429xx.o(.text)
    I2C3_EV_IRQHandler                       0x080001db   Thumb Code     0  startup_stm32f429xx.o(.text)
    LTDC_ER_IRQHandler                       0x080001db   Thumb Code     0  startup_stm32f429xx.o(.text)
    LTDC_IRQHandler                          0x080001db   Thumb Code     0  startup_stm32f429xx.o(.text)
    OTG_FS_IRQHandler                        0x080001db   Thumb Code     0  startup_stm32f429xx.o(.text)
    OTG_FS_WKUP_IRQHandler                   0x080001db   Thumb Code     0  startup_stm32f429xx.o(.text)
    OTG_HS_EP1_IN_IRQHandler                 0x080001db   Thumb Code     0  startup_stm32f429xx.o(.text)
    OTG_HS_EP1_OUT_IRQHandler                0x080001db   Thumb Code     0  startup_stm32f429xx.o(.text)
    OTG_HS_IRQHandler                        0x080001db   Thumb Code     0  startup_stm32f429xx.o(.text)
    OTG_HS_WKUP_IRQHandler                   0x080001db   Thumb Code     0  startup_stm32f429xx.o(.text)
    PVD_IRQHandler                           0x080001db   Thumb Code     0  startup_stm32f429xx.o(.text)
    RCC_IRQHandler                           0x080001db   Thumb Code     0  startup_stm32f429xx.o(.text)
    RTC_Alarm_IRQHandler                     0x080001db   Thumb Code     0  startup_stm32f429xx.o(.text)
    RTC_WKUP_IRQHandler                      0x080001db   Thumb Code     0  startup_stm32f429xx.o(.text)
    SAI1_IRQHandler                          0x080001db   Thumb Code     0  startup_stm32f429xx.o(.text)
    SDIO_IRQHandler                          0x080001db   Thumb Code     0  startup_stm32f429xx.o(.text)
    SPI1_IRQHandler                          0x080001db   Thumb Code     0  startup_stm32f429xx.o(.text)
    SPI2_IRQHandler                          0x080001db   Thumb Code     0  startup_stm32f429xx.o(.text)
    SPI3_IRQHandler                          0x080001db   Thumb Code     0  startup_stm32f429xx.o(.text)
    SPI4_IRQHandler                          0x080001db   Thumb Code     0  startup_stm32f429xx.o(.text)
    SPI5_IRQHandler                          0x080001db   Thumb Code     0  startup_stm32f429xx.o(.text)
    SPI6_IRQHandler                          0x080001db   Thumb Code     0  startup_stm32f429xx.o(.text)
    TAMP_STAMP_IRQHandler                    0x080001db   Thumb Code     0  startup_stm32f429xx.o(.text)
    TIM1_BRK_TIM9_IRQHandler                 0x080001db   Thumb Code     0  startup_stm32f429xx.o(.text)
    TIM1_CC_IRQHandler                       0x080001db   Thumb Code     0  startup_stm32f429xx.o(.text)
    TIM1_TRG_COM_TIM11_IRQHandler            0x080001db   Thumb Code     0  startup_stm32f429xx.o(.text)
    TIM1_UP_TIM10_IRQHandler                 0x080001db   Thumb Code     0  startup_stm32f429xx.o(.text)
    TIM2_IRQHandler                          0x080001db   Thumb Code     0  startup_stm32f429xx.o(.text)
    TIM4_IRQHandler                          0x080001db   Thumb Code     0  startup_stm32f429xx.o(.text)
    TIM5_IRQHandler                          0x080001db   Thumb Code     0  startup_stm32f429xx.o(.text)
    TIM6_DAC_IRQHandler                      0x080001db   Thumb Code     0  startup_stm32f429xx.o(.text)
    TIM8_BRK_TIM12_IRQHandler                0x080001db   Thumb Code     0  startup_stm32f429xx.o(.text)
    TIM8_CC_IRQHandler                       0x080001db   Thumb Code     0  startup_stm32f429xx.o(.text)
    TIM8_TRG_COM_TIM14_IRQHandler            0x080001db   Thumb Code     0  startup_stm32f429xx.o(.text)
    TIM8_UP_TIM13_IRQHandler                 0x080001db   Thumb Code     0  startup_stm32f429xx.o(.text)
    UART5_IRQHandler                         0x080001db   Thumb Code     0  startup_stm32f429xx.o(.text)
    UART7_IRQHandler                         0x080001db   Thumb Code     0  startup_stm32f429xx.o(.text)
    UART8_IRQHandler                         0x080001db   Thumb Code     0  startup_stm32f429xx.o(.text)
    USART1_IRQHandler                        0x080001db   Thumb Code     0  startup_stm32f429xx.o(.text)
    USART2_IRQHandler                        0x080001db   Thumb Code     0  startup_stm32f429xx.o(.text)
    WWDG_IRQHandler                          0x080001db   Thumb Code     0  startup_stm32f429xx.o(.text)
    __aeabi_memcpy                           0x080001e5   Thumb Code    36  memcpya.o(.text)
    __aeabi_memcpy4                          0x080001e5   Thumb Code     0  memcpya.o(.text)
    __aeabi_memcpy8                          0x080001e5   Thumb Code     0  memcpya.o(.text)
    __aeabi_dadd                             0x08000209   Thumb Code   322  dadd.o(.text)
    __aeabi_dsub                             0x0800034b   Thumb Code     6  dadd.o(.text)
    __aeabi_drsub                            0x08000351   Thumb Code     6  dadd.o(.text)
    __aeabi_dmul                             0x08000357   Thumb Code   228  dmul.o(.text)
    __aeabi_ddiv                             0x0800043b   Thumb Code   222  ddiv.o(.text)
    __aeabi_ui2d                             0x08000519   Thumb Code    26  dfltui.o(.text)
    __aeabi_d2uiz                            0x08000533   Thumb Code    50  dfixui.o(.text)
    __aeabi_cdcmpeq                          0x08000565   Thumb Code     0  cdcmple.o(.text)
    __aeabi_cdcmple                          0x08000565   Thumb Code    48  cdcmple.o(.text)
    __aeabi_cdrcmple                         0x08000595   Thumb Code    48  cdrcmple.o(.text)
    __aeabi_uidiv                            0x080005c5   Thumb Code     0  uidiv.o(.text)
    __aeabi_uidivmod                         0x080005c5   Thumb Code    44  uidiv.o(.text)
    __aeabi_uldivmod                         0x080005f1   Thumb Code    98  uldiv.o(.text)
    __aeabi_llsl                             0x08000653   Thumb Code    30  llshl.o(.text)
    _ll_shift_l                              0x08000653   Thumb Code     0  llshl.o(.text)
    __aeabi_llsr                             0x08000671   Thumb Code    32  llushr.o(.text)
    _ll_ushift_r                             0x08000671   Thumb Code     0  llushr.o(.text)
    __aeabi_lasr                             0x08000691   Thumb Code    36  llsshr.o(.text)
    _ll_sshift_r                             0x08000691   Thumb Code     0  llsshr.o(.text)
    __I$use$fp                               0x080006b5   Thumb Code     0  iusefp.o(.text)
    _double_round                            0x080006b5   Thumb Code    30  depilogue.o(.text)
    _double_epilogue                         0x080006d3   Thumb Code   156  depilogue.o(.text)
    __aeabi_d2ulz                            0x0800076f   Thumb Code    48  dfixul.o(.text)
    __scatterload                            0x080007a1   Thumb Code    28  init.o(.text)
    __scatterload_rt2                        0x080007a1   Thumb Code     0  init.o(.text)
    BusFault_Handler                         0x080007c5   Thumb Code     2  stm32f4xx_it.o(i.BusFault_Handler)
    CopeSerial2Data                          0x080007c9   Thumb Code  1112  uart.o(i.CopeSerial2Data)
    DebugMon_Handler                         0x08000c25   Thumb Code     2  stm32f4xx_it.o(i.DebugMon_Handler)
    EXTI0_IRQHandler                         0x08000c27   Thumb Code     6  stm32f4xx_it.o(i.EXTI0_IRQHandler)
    EXTI15_10_IRQHandler                     0x08000c2d   Thumb Code    46  stm32f4xx_it.o(i.EXTI15_10_IRQHandler)
    EXTI1_IRQHandler                         0x08000c5b   Thumb Code     6  stm32f4xx_it.o(i.EXTI1_IRQHandler)
    HAL_DAC_ConfigChannel                    0x08000c61   Thumb Code    66  stm32f4xx_hal_dac.o(i.HAL_DAC_ConfigChannel)
    HAL_DAC_Init                             0x08000ca3   Thumb Code    40  stm32f4xx_hal_dac.o(i.HAL_DAC_Init)
    HAL_DAC_MspInit                          0x08000ccd   Thumb Code    54  stm32f4xx_hal_msp.o(i.HAL_DAC_MspInit)
    HAL_DAC_SetValue                         0x08000d11   Thumb Code    26  stm32f4xx_hal_dac.o(i.HAL_DAC_SetValue)
    HAL_DAC_Start                            0x08000d2b   Thumb Code   108  stm32f4xx_hal_dac.o(i.HAL_DAC_Start)
    HAL_Delay                                0x08000d97   Thumb Code    22  stm32f4xx_hal.o(i.HAL_Delay)
    HAL_GPIO_EXTI_Callback                   0x08000dad   Thumb Code   384  main.o(i.HAL_GPIO_EXTI_Callback)
    HAL_GPIO_EXTI_IRQHandler                 0x08001001   Thumb Code    18  stm32f4xx_hal_gpio.o(i.HAL_GPIO_EXTI_IRQHandler)
    HAL_GPIO_Init                            0x08001019   Thumb Code   408  stm32f4xx_hal_gpio.o(i.HAL_GPIO_Init)
    HAL_GPIO_ReadPin                         0x080011e5   Thumb Code    10  stm32f4xx_hal_gpio.o(i.HAL_GPIO_ReadPin)
    HAL_GPIO_WritePin                        0x080011ef   Thumb Code    10  stm32f4xx_hal_gpio.o(i.HAL_GPIO_WritePin)
    HAL_GetTick                              0x080011f9   Thumb Code     6  stm32f4xx_hal.o(i.HAL_GetTick)
    HAL_IncTick                              0x08001205   Thumb Code    10  stm32f4xx_hal.o(i.HAL_IncTick)
    HAL_Init                                 0x08001215   Thumb Code    48  stm32f4xx_hal.o(i.HAL_Init)
    HAL_InitTick                             0x08001249   Thumb Code    34  stm32f4xx_hal.o(i.HAL_InitTick)
    HAL_MspInit                              0x0800126b   Thumb Code    68  stm32f4xx_hal_msp.o(i.HAL_MspInit)
    HAL_NVIC_EnableIRQ                       0x080012af   Thumb Code    22  stm32f4xx_hal_cortex.o(i.HAL_NVIC_EnableIRQ)
    HAL_NVIC_SetPriority                     0x080012c5   Thumb Code    60  stm32f4xx_hal_cortex.o(i.HAL_NVIC_SetPriority)
    HAL_NVIC_SetPriorityGrouping             0x08001305   Thumb Code    26  stm32f4xx_hal_cortex.o(i.HAL_NVIC_SetPriorityGrouping)
    HAL_PWREx_EnableOverDrive                0x08001329   Thumb Code   126  stm32f4xx_hal_pwr_ex.o(i.HAL_PWREx_EnableOverDrive)
    HAL_RCC_ClockConfig                      0x080013b5   Thumb Code   312  stm32f4xx_hal_rcc.o(i.HAL_RCC_ClockConfig)
    HAL_RCC_GetHCLKFreq                      0x080014f5   Thumb Code    38  stm32f4xx_hal_rcc.o(i.HAL_RCC_GetHCLKFreq)
    HAL_RCC_GetPCLK1Freq                     0x08001529   Thumb Code    36  stm32f4xx_hal_rcc.o(i.HAL_RCC_GetPCLK1Freq)
    HAL_RCC_GetPCLK2Freq                     0x08001555   Thumb Code    36  stm32f4xx_hal_rcc.o(i.HAL_RCC_GetPCLK2Freq)
    HAL_RCC_GetSysClockFreq                  0x08001581   Thumb Code   104  stm32f4xx_hal_rcc.o(i.HAL_RCC_GetSysClockFreq)
    HAL_RCC_OscConfig                        0x080015f5   Thumb Code   722  stm32f4xx_hal_rcc.o(i.HAL_RCC_OscConfig)
    HAL_SYSTICK_CLKSourceConfig              0x080018d9   Thumb Code    24  stm32f4xx_hal_cortex.o(i.HAL_SYSTICK_CLKSourceConfig)
    HAL_SYSTICK_Callback                     0x080018f1   Thumb Code     2  stm32f4xx_hal_cortex.o(i.HAL_SYSTICK_Callback)
    HAL_SYSTICK_Config                       0x080018f3   Thumb Code    40  stm32f4xx_hal_cortex.o(i.HAL_SYSTICK_Config)
    HAL_SYSTICK_IRQHandler                   0x0800191b   Thumb Code     8  stm32f4xx_hal_cortex.o(i.HAL_SYSTICK_IRQHandler)
    HAL_TIMEx_BreakCallback                  0x08001923   Thumb Code     2  stm32f4xx_hal_tim_ex.o(i.HAL_TIMEx_BreakCallback)
    HAL_TIMEx_CommutationCallback            0x08001925   Thumb Code     2  stm32f4xx_hal_tim_ex.o(i.HAL_TIMEx_CommutationCallback)
    HAL_TIMEx_MasterConfigSynchronization    0x08001927   Thumb Code    80  stm32f4xx_hal_tim_ex.o(i.HAL_TIMEx_MasterConfigSynchronization)
    HAL_TIM_Base_Init                        0x08001977   Thumb Code    54  stm32f4xx_hal_tim.o(i.HAL_TIM_Base_Init)
    HAL_TIM_Base_MspInit                     0x080019ad   Thumb Code    86  stm32f4xx_hal_msp.o(i.HAL_TIM_Base_MspInit)
    HAL_TIM_Base_Start_IT                    0x08001a11   Thumb Code    24  stm32f4xx_hal_tim.o(i.HAL_TIM_Base_Start_IT)
    HAL_TIM_Base_Stop_IT                     0x08001a29   Thumb Code    42  stm32f4xx_hal_tim.o(i.HAL_TIM_Base_Stop_IT)
    HAL_TIM_ConfigClockSource                0x08001a53   Thumb Code   242  stm32f4xx_hal_tim.o(i.HAL_TIM_ConfigClockSource)
    HAL_TIM_Encoder_Init                     0x08001b45   Thumb Code   150  stm32f4xx_hal_tim.o(i.HAL_TIM_Encoder_Init)
    HAL_TIM_Encoder_MspInit                  0x08001bdd   Thumb Code    60  stm32f4xx_hal_msp.o(i.HAL_TIM_Encoder_MspInit)
    HAL_TIM_IC_CaptureCallback               0x08001c21   Thumb Code     2  stm32f4xx_hal_tim.o(i.HAL_TIM_IC_CaptureCallback)
    HAL_TIM_IRQHandler                       0x08001c23   Thumb Code   358  stm32f4xx_hal_tim.o(i.HAL_TIM_IRQHandler)
    HAL_TIM_OC_DelayElapsedCallback          0x08001d89   Thumb Code     2  stm32f4xx_hal_tim.o(i.HAL_TIM_OC_DelayElapsedCallback)
    HAL_TIM_PWM_PulseFinishedCallback        0x08001d8b   Thumb Code     2  stm32f4xx_hal_tim.o(i.HAL_TIM_PWM_PulseFinishedCallback)
    HAL_TIM_PeriodElapsedCallback            0x08001d8d   Thumb Code    42  main.o(i.HAL_TIM_PeriodElapsedCallback)
    HAL_TIM_TriggerCallback                  0x08001dc1   Thumb Code     2  stm32f4xx_hal_tim.o(i.HAL_TIM_TriggerCallback)
    HAL_UART_ErrorCallback                   0x08001dc3   Thumb Code     2  stm32f4xx_hal_uart.o(i.HAL_UART_ErrorCallback)
    HAL_UART_IRQHandler                      0x08001dc5   Thumb Code   232  stm32f4xx_hal_uart.o(i.HAL_UART_IRQHandler)
    HAL_UART_Init                            0x08001ead   Thumb Code    98  stm32f4xx_hal_uart.o(i.HAL_UART_Init)
    HAL_UART_MspInit                         0x08001f11   Thumb Code   232  stm32f4xx_hal_msp.o(i.HAL_UART_MspInit)
    HAL_UART_Receive_IT                      0x08002019   Thumb Code    88  stm32f4xx_hal_uart.o(i.HAL_UART_Receive_IT)
    HAL_UART_RxCpltCallback                  0x08002071   Thumb Code    18  main.o(i.HAL_UART_RxCpltCallback)
    HAL_UART_Transmit                        0x0800208d   Thumb Code   170  stm32f4xx_hal_uart.o(i.HAL_UART_Transmit)
    HAL_UART_Transmit_IT                     0x08002137   Thumb Code    62  stm32f4xx_hal_uart.o(i.HAL_UART_Transmit_IT)
    HAL_UART_TxCpltCallback                  0x08002175   Thumb Code    18  main.o(i.HAL_UART_TxCpltCallback)
    HardFault_Handler                        0x08002191   Thumb Code     2  stm32f4xx_it.o(i.HardFault_Handler)
    Ini_LED                                  0x08002195   Thumb Code   126  led.o(i.Ini_LED)
    MemManage_Handler                        0x08002399   Thumb Code     2  stm32f4xx_it.o(i.MemManage_Handler)
    NMI_Handler                              0x0800239b   Thumb Code     2  stm32f4xx_it.o(i.NMI_Handler)
    SysTick_Handler                          0x080023bd   Thumb Code    14  stm32f4xx_it.o(i.SysTick_Handler)
    SystemClock_Config                       0x080023cd   Thumb Code   144  main.o(i.SystemClock_Config)
    SystemInit                               0x08002465   Thumb Code    66  system_stm32f4xx.o(i.SystemInit)
    TIM3_IRQHandler                          0x080024b9   Thumb Code     6  stm32f4xx_it.o(i.TIM3_IRQHandler)
    TIM7_IRQHandler                          0x080024c5   Thumb Code     6  stm32f4xx_it.o(i.TIM7_IRQHandler)
    TIM_Base_SetConfig                       0x080024d1   Thumb Code   148  stm32f4xx_hal_tim.o(i.TIM_Base_SetConfig)
    UART4_IRQHandler                         0x080025fd   Thumb Code    44  stm32f4xx_it.o(i.UART4_IRQHandler)
    USART3_IRQHandler                        0x08002a71   Thumb Code     6  stm32f4xx_it.o(i.USART3_IRQHandler)
    USART6_IRQHandler                        0x08002a7d   Thumb Code     6  stm32f4xx_it.o(i.USART6_IRQHandler)
    UsageFault_Handler                       0x08002a89   Thumb Code     2  stm32f4xx_it.o(i.UsageFault_Handler)
    __0printf                                0x08002a8d   Thumb Code    22  printfa.o(i.__0printf)
    __1printf                                0x08002a8d   Thumb Code     0  printfa.o(i.__0printf)
    __2printf                                0x08002a8d   Thumb Code     0  printfa.o(i.__0printf)
    __c89printf                              0x08002a8d   Thumb Code     0  printfa.o(i.__0printf)
    printf                                   0x08002a8d   Thumb Code     0  printfa.o(i.__0printf)
    __ARM_fpclassify                         0x08002aad   Thumb Code    48  fpclassify.o(i.__ARM_fpclassify)
    __hardfp_atan                            0x08002ae1   Thumb Code   622  atan.o(i.__hardfp_atan)
    __hardfp_fabs                            0x08002db9   Thumb Code    20  fabs.o(i.__hardfp_fabs)
    __kernel_poly                            0x08002dcd   Thumb Code   248  poly.o(i.__kernel_poly)
    __mathlib_dbl_infnan                     0x08002ec5   Thumb Code    20  dunder.o(i.__mathlib_dbl_infnan)
    __mathlib_dbl_underflow                  0x08002ed9   Thumb Code    24  dunder.o(i.__mathlib_dbl_underflow)
    __scatterload_copy                       0x08002ef9   Thumb Code    14  handlers.o(i.__scatterload_copy)
    __scatterload_null                       0x08002f07   Thumb Code     2  handlers.o(i.__scatterload_null)
    __scatterload_zeroinit                   0x08002f09   Thumb Code    14  handlers.o(i.__scatterload_zeroinit)
    eMBEnable                                0x080037cd   Thumb Code    28  mb.o(i.eMBEnable)
    eMBFuncReadHoldingRegister               0x080037ed   Thumb Code   148  mbfuncholding.o(i.eMBFuncReadHoldingRegister)
    eMBFuncWriteHoldingRegister              0x08003921   Thumb Code   114  mbfuncholding.o(i.eMBFuncWriteHoldingRegister)
    eMBInit                                  0x08003a09   Thumb Code   104  mb.o(i.eMBInit)
    eMBPoll                                  0x08003ad5   Thumb Code   180  mb.o(i.eMBPoll)
    eMBRTUInit                               0x08003ba5   Thumb Code    70  mbrtu.o(i.eMBRTUInit)
    eMBRTUReceive                            0x08003c41   Thumb Code    66  mbrtu.o(i.eMBRTUReceive)
    eMBRTUSend                               0x08003c99   Thumb Code    80  mbrtu.o(i.eMBRTUSend)
    eMBRTUStart                              0x08003cf1   Thumb Code    24  mbrtu.o(i.eMBRTUStart)
    eMBRTUStop                               0x08003d0d   Thumb Code    18  mbrtu.o(i.eMBRTUStop)
    eMBRegHoldingCB                          0x08003d21   Thumb Code    96  mbfuncholding.o(i.eMBRegHoldingCB)
    fabs                                     0x08003d85   Thumb Code    24  fabs.o(i.fabs)
    fputc                                    0x08003d9d   Thumb Code    18  uart.o(i.fputc)
    main                                     0x08003db5   Thumb Code   538  main.o(i.main)
    pid_control                              0x08004061   Thumb Code   144  pid_control.o(i.pid_control)
    prveMBError2Exception                    0x08004105   Thumb Code    24  mbutils.o(i.prveMBError2Exception)
    rad2deg                                  0x0800411d   Thumb Code    36  uart.o(i.rad2deg)
    uart_enc                                 0x08004151   Thumb Code    12  uart.o(i.uart_enc)
    unxx_led_timer_callback                  0x08004179   Thumb Code    34  led.o(i.unxx_led_timer_callback)
    usMBCRC16                                0x080041a1   Thumb Code    40  mbcrc.o(i.usMBCRC16)
    vMBPortSerialEnable                      0x080041cd   Thumb Code    70  portserial.o(i.vMBPortSerialEnable)
    vMBPortTimersDisable                     0x08004251   Thumb Code     6  porttimer.o(i.vMBPortTimersDisable)
    vMBPortTimersEnable                      0x0800425d   Thumb Code    14  porttimer.o(i.vMBPortTimersEnable)
    xMBPortEventGet                          0x08004271   Thumb Code    24  portevent.o(i.xMBPortEventGet)
    xMBPortEventInit                         0x0800428d   Thumb Code    10  portevent.o(i.xMBPortEventInit)
    xMBPortEventPost                         0x0800429d   Thumb Code    12  portevent.o(i.xMBPortEventPost)
    xMBPortSerialGetByte                     0x080042ad   Thumb Code    22  portserial.o(i.xMBPortSerialGetByte)
    xMBPortSerialInit                        0x080042cd   Thumb Code    92  portserial.o(i.xMBPortSerialInit)
    xMBPortSerialPutByte                     0x08004335   Thumb Code    26  portserial.o(i.xMBPortSerialPutByte)
    xMBPortTimersInit                        0x08004365   Thumb Code    28  porttimer.o(i.xMBPortTimersInit)
    xMBRTUReceiveFSM                         0x080043ad   Thumb Code    92  mbrtu.o(i.xMBRTUReceiveFSM)
    xMBRTUTimerT35Expired                    0x08004411   Thumb Code    36  mbrtu.o(i.xMBRTUTimerT35Expired)
    xMBRTUTransmitFSM                        0x08004439   Thumb Code    76  mbrtu.o(i.xMBRTUTransmitFSM)
    APBAHBPrescTable                         0x08004488   Data          16  stm32f4xx_hal_rcc.o(.constdata)
    Region$$Table$$Base                      0x08004748   Number         0  anon$$obj.o(Region$$Table)
    Region$$Table$$Limit                     0x08004768   Number         0  anon$$obj.o(Region$$Table)
    uwTick                                   0x20000000   Data           4  stm32f4xx_hal.o(.data)
    Ini_Flag                                 0x20000008   Data           1  main.o(.data)
    open_control                             0x20000009   Data           1  main.o(.data)
    aRxBuffer2                               0x2000000a   Data           1  main.o(.data)
    PID_K1                                   0x2000000c   Data           4  main.o(.data)
    PID_K2                                   0x20000010   Data           4  main.o(.data)
    PID_DK                                   0x20000014   Data           4  main.o(.data)
    pos_home                                 0x20000018   Data           4  main.o(.data)
    diffheading                              0x20000020   Data           8  main.o(.data)
    PID_P                                    0x20000028   Data           4  pid_control.o(.data)
    PID_D                                    0x2000002c   Data           4  pid_control.o(.data)
    __stdout                                 0x20000040   Data           4  uart.o(.data)
    SystemCoreClock                          0x20000044   Data           4  system_stm32f4xx.o(.data)
    pxMBFrameCBByteReceived                  0x20000068   Data           4  mb.o(.data)
    pxMBFrameCBTransmitterEmpty              0x2000006c   Data           4  mb.o(.data)
    pxMBPortCBTimerExpired                   0x20000070   Data           4  mb.o(.data)
    usSRegHoldBuf                            0x200000f4   Data          16  mbfuncholding.o(.data)
    hdac                                     0x20000114   Data          20  main.o(.bss)
    htim2                                    0x20000128   Data          60  main.o(.bss)
    htim3                                    0x20000164   Data          60  main.o(.bss)
    htim7                                    0x200001a0   Data          60  main.o(.bss)
    huart4                                   0x200001dc   Data          64  main.o(.bss)
    huart2                                   0x2000021c   Data          64  main.o(.bss)
    huart3                                   0x2000025c   Data          64  main.o(.bss)
    huart6                                   0x2000029c   Data          64  main.o(.bss)
    North_v_queen                            0x20000d40   Data         808  uart.o(.bss)
    East_v_queen                             0x20001068   Data         808  uart.o(.bss)
    Azimuth_queue                            0x20001390   Data         808  uart.o(.bss)
    ucRTUBuf                                 0x200016b8   Data         256  mbrtu.o(.bss)
    __initial_sp                             0x20001bb8   Data           0  startup_stm32f429xx.o(STACK)



==============================================================================

Memory Map of the image

  Image Entry point : 0x080001ad

  Load Region LR_IROM1 (Base: 0x08000000, Size: 0x0000487c, Max: 0x00100000, ABSOLUTE)

    Execution Region ER_IROM1 (Base: 0x08000000, Size: 0x00004768, Max: 0x00100000, ABSOLUTE)

    Base Addr    Size         Type   Attr      Idx    E Section Name        Object

    0x08000000   0x000001ac   Data   RO         2984    RESET               startup_stm32f429xx.o
    0x080001ac   0x00000000   Code   RO         3391  * .ARM.Collect$$$$00000000  mc_w.l(entry.o)
    0x080001ac   0x00000004   Code   RO         3691    .ARM.Collect$$$$00000001  mc_w.l(entry2.o)
    0x080001b0   0x00000004   Code   RO         3694    .ARM.Collect$$$$00000004  mc_w.l(entry5.o)
    0x080001b4   0x00000000   Code   RO         3696    .ARM.Collect$$$$00000008  mc_w.l(entry7b.o)
    0x080001b4   0x00000000   Code   RO         3698    .ARM.Collect$$$$0000000A  mc_w.l(entry8b.o)
    0x080001b4   0x00000008   Code   RO         3699    .ARM.Collect$$$$0000000B  mc_w.l(entry9a.o)
    0x080001bc   0x00000000   Code   RO         3701    .ARM.Collect$$$$0000000D  mc_w.l(entry10a.o)
    0x080001bc   0x00000000   Code   RO         3703    .ARM.Collect$$$$0000000F  mc_w.l(entry11a.o)
    0x080001bc   0x00000004   Code   RO         3692    .ARM.Collect$$$$00002712  mc_w.l(entry2.o)
    0x080001c0   0x00000024   Code   RO         2985    .text               startup_stm32f429xx.o
    0x080001e4   0x00000024   Code   RO         3394    .text               mc_w.l(memcpya.o)
    0x08000208   0x0000014e   Code   RO         3659    .text               mf_w.l(dadd.o)
    0x08000356   0x000000e4   Code   RO         3661    .text               mf_w.l(dmul.o)
    0x0800043a   0x000000de   Code   RO         3663    .text               mf_w.l(ddiv.o)
    0x08000518   0x0000001a   Code   RO         3665    .text               mf_w.l(dfltui.o)
    0x08000532   0x00000032   Code   RO         3667    .text               mf_w.l(dfixui.o)
    0x08000564   0x00000030   Code   RO         3669    .text               mf_w.l(cdcmple.o)
    0x08000594   0x00000030   Code   RO         3671    .text               mf_w.l(cdrcmple.o)
    0x080005c4   0x0000002c   Code   RO         3705    .text               mc_w.l(uidiv.o)
    0x080005f0   0x00000062   Code   RO         3707    .text               mc_w.l(uldiv.o)
    0x08000652   0x0000001e   Code   RO         3709    .text               mc_w.l(llshl.o)
    0x08000670   0x00000020   Code   RO         3711    .text               mc_w.l(llushr.o)
    0x08000690   0x00000024   Code   RO         3713    .text               mc_w.l(llsshr.o)
    0x080006b4   0x00000000   Code   RO         3715    .text               mc_w.l(iusefp.o)
    0x080006b4   0x000000ba   Code   RO         3716    .text               mf_w.l(depilogue.o)
    0x0800076e   0x00000030   Code   RO         3720    .text               mf_w.l(dfixul.o)
    0x0800079e   0x00000002   PAD
    0x080007a0   0x00000024   Code   RO         3722    .text               mc_w.l(init.o)
    0x080007c4   0x00000002   Code   RO         2551    i.BusFault_Handler  stm32f4xx_it.o
    0x080007c6   0x00000002   PAD
    0x080007c8   0x0000045c   Code   RO         2862    i.CopeSerial2Data   uart.o
    0x08000c24   0x00000002   Code   RO         2552    i.DebugMon_Handler  stm32f4xx_it.o
    0x08000c26   0x00000006   Code   RO         2553    i.EXTI0_IRQHandler  stm32f4xx_it.o
    0x08000c2c   0x0000002e   Code   RO         2554    i.EXTI15_10_IRQHandler  stm32f4xx_it.o
    0x08000c5a   0x00000006   Code   RO         2555    i.EXTI1_IRQHandler  stm32f4xx_it.o
    0x08000c60   0x00000042   Code   RO          175    i.HAL_DAC_ConfigChannel  stm32f4xx_hal_dac.o
    0x08000ca2   0x00000028   Code   RO          185    i.HAL_DAC_Init      stm32f4xx_hal_dac.o
    0x08000cca   0x00000002   PAD
    0x08000ccc   0x00000044   Code   RO         2480    i.HAL_DAC_MspInit   stm32f4xx_hal_msp.o
    0x08000d10   0x0000001a   Code   RO          188    i.HAL_DAC_SetValue  stm32f4xx_hal_dac.o
    0x08000d2a   0x0000006c   Code   RO          189    i.HAL_DAC_Start     stm32f4xx_hal_dac.o
    0x08000d96   0x00000016   Code   RO          320    i.HAL_Delay         stm32f4xx_hal.o
    0x08000dac   0x00000254   Code   RO         2663    i.HAL_GPIO_EXTI_Callback  main.o
    0x08001000   0x00000018   Code   RO            6    i.HAL_GPIO_EXTI_IRQHandler  stm32f4xx_hal_gpio.o
    0x08001018   0x000001cc   Code   RO            7    i.HAL_GPIO_Init     stm32f4xx_hal_gpio.o
    0x080011e4   0x0000000a   Code   RO            9    i.HAL_GPIO_ReadPin  stm32f4xx_hal_gpio.o
    0x080011ee   0x0000000a   Code   RO           11    i.HAL_GPIO_WritePin  stm32f4xx_hal_gpio.o
    0x080011f8   0x0000000c   Code   RO          328    i.HAL_GetTick       stm32f4xx_hal.o
    0x08001204   0x00000010   Code   RO          329    i.HAL_IncTick       stm32f4xx_hal.o
    0x08001214   0x00000034   Code   RO          330    i.HAL_Init          stm32f4xx_hal.o
    0x08001248   0x00000022   Code   RO          331    i.HAL_InitTick      stm32f4xx_hal.o
    0x0800126a   0x00000044   Code   RO         2481    i.HAL_MspInit       stm32f4xx_hal_msp.o
    0x080012ae   0x00000016   Code   RO          559    i.HAL_NVIC_EnableIRQ  stm32f4xx_hal_cortex.o
    0x080012c4   0x00000040   Code   RO          565    i.HAL_NVIC_SetPriority  stm32f4xx_hal_cortex.o
    0x08001304   0x00000024   Code   RO          566    i.HAL_NVIC_SetPriorityGrouping  stm32f4xx_hal_cortex.o
    0x08001328   0x0000008c   Code   RO         2413    i.HAL_PWREx_EnableOverDrive  stm32f4xx_hal_pwr_ex.o
    0x080013b4   0x00000140   Code   RO          919    i.HAL_RCC_ClockConfig  stm32f4xx_hal_rcc.o
    0x080014f4   0x00000034   Code   RO          924    i.HAL_RCC_GetHCLKFreq  stm32f4xx_hal_rcc.o
    0x08001528   0x0000002c   Code   RO          926    i.HAL_RCC_GetPCLK1Freq  stm32f4xx_hal_rcc.o
    0x08001554   0x0000002c   Code   RO          927    i.HAL_RCC_GetPCLK2Freq  stm32f4xx_hal_rcc.o
    0x08001580   0x00000074   Code   RO          928    i.HAL_RCC_GetSysClockFreq  stm32f4xx_hal_rcc.o
    0x080015f4   0x000002e4   Code   RO          931    i.HAL_RCC_OscConfig  stm32f4xx_hal_rcc.o
    0x080018d8   0x00000018   Code   RO          568    i.HAL_SYSTICK_CLKSourceConfig  stm32f4xx_hal_cortex.o
    0x080018f0   0x00000002   Code   RO          569    i.HAL_SYSTICK_Callback  stm32f4xx_hal_cortex.o
    0x080018f2   0x00000028   Code   RO          570    i.HAL_SYSTICK_Config  stm32f4xx_hal_cortex.o
    0x0800191a   0x00000008   Code   RO          571    i.HAL_SYSTICK_IRQHandler  stm32f4xx_hal_cortex.o
    0x08001922   0x00000002   Code   RO          679    i.HAL_TIMEx_BreakCallback  stm32f4xx_hal_tim_ex.o
    0x08001924   0x00000002   Code   RO          680    i.HAL_TIMEx_CommutationCallback  stm32f4xx_hal_tim_ex.o
    0x08001926   0x00000050   Code   RO          696    i.HAL_TIMEx_MasterConfigSynchronization  stm32f4xx_hal_tim_ex.o
    0x08001976   0x00000036   Code   RO         1742    i.HAL_TIM_Base_Init  stm32f4xx_hal_tim.o
    0x080019ac   0x00000064   Code   RO         2483    i.HAL_TIM_Base_MspInit  stm32f4xx_hal_msp.o
    0x08001a10   0x00000018   Code   RO         1747    i.HAL_TIM_Base_Start_IT  stm32f4xx_hal_tim.o
    0x08001a28   0x0000002a   Code   RO         1750    i.HAL_TIM_Base_Stop_IT  stm32f4xx_hal_tim.o
    0x08001a52   0x000000f2   Code   RO         1751    i.HAL_TIM_ConfigClockSource  stm32f4xx_hal_tim.o
    0x08001b44   0x00000096   Code   RO         1760    i.HAL_TIM_Encoder_Init  stm32f4xx_hal_tim.o
    0x08001bda   0x00000002   PAD
    0x08001bdc   0x00000044   Code   RO         2485    i.HAL_TIM_Encoder_MspInit  stm32f4xx_hal_msp.o
    0x08001c20   0x00000002   Code   RO         1771    i.HAL_TIM_IC_CaptureCallback  stm32f4xx_hal_tim.o
    0x08001c22   0x00000166   Code   RO         1784    i.HAL_TIM_IRQHandler  stm32f4xx_hal_tim.o
    0x08001d88   0x00000002   Code   RO         1787    i.HAL_TIM_OC_DelayElapsedCallback  stm32f4xx_hal_tim.o
    0x08001d8a   0x00000002   Code   RO         1814    i.HAL_TIM_PWM_PulseFinishedCallback  stm32f4xx_hal_tim.o
    0x08001d8c   0x00000034   Code   RO         2664    i.HAL_TIM_PeriodElapsedCallback  main.o
    0x08001dc0   0x00000002   Code   RO         1825    i.HAL_TIM_TriggerCallback  stm32f4xx_hal_tim.o
    0x08001dc2   0x00000002   Code   RO         1515    i.HAL_UART_ErrorCallback  stm32f4xx_hal_uart.o
    0x08001dc4   0x000000e8   Code   RO         1518    i.HAL_UART_IRQHandler  stm32f4xx_hal_uart.o
    0x08001eac   0x00000062   Code   RO         1519    i.HAL_UART_Init     stm32f4xx_hal_uart.o
    0x08001f0e   0x00000002   PAD
    0x08001f10   0x00000108   Code   RO         2487    i.HAL_UART_MspInit  stm32f4xx_hal_msp.o
    0x08002018   0x00000058   Code   RO         1524    i.HAL_UART_Receive_IT  stm32f4xx_hal_uart.o
    0x08002070   0x0000001c   Code   RO         2665    i.HAL_UART_RxCpltCallback  main.o
    0x0800208c   0x000000aa   Code   RO         1527    i.HAL_UART_Transmit  stm32f4xx_hal_uart.o
    0x08002136   0x0000003e   Code   RO         1529    i.HAL_UART_Transmit_IT  stm32f4xx_hal_uart.o
    0x08002174   0x0000001c   Code   RO         2666    i.HAL_UART_TxCpltCallback  main.o
    0x08002190   0x00000002   Code   RO         2556    i.HardFault_Handler  stm32f4xx_it.o
    0x08002192   0x00000002   PAD
    0x08002194   0x00000084   Code   RO         2773    i.Ini_LED           led.o
    0x08002218   0x00000130   Code   RO         2667    i.MX_GPIO_Init      main.o
    0x08002348   0x00000050   Code   RO         2668    i.MX_TIM2_Init      main.o
    0x08002398   0x00000002   Code   RO         2557    i.MemManage_Handler  stm32f4xx_it.o
    0x0800239a   0x00000002   Code   RO         2558    i.NMI_Handler       stm32f4xx_it.o
    0x0800239c   0x00000020   Code   RO          572    i.NVIC_SetPriority  stm32f4xx_hal_cortex.o
    0x080023bc   0x0000000e   Code   RO         2559    i.SysTick_Handler   stm32f4xx_it.o
    0x080023ca   0x00000002   PAD
    0x080023cc   0x00000098   Code   RO         2669    i.SystemClock_Config  main.o
    0x08002464   0x00000054   Code   RO         2949    i.SystemInit        system_stm32f4xx.o
    0x080024b8   0x0000000c   Code   RO         2560    i.TIM3_IRQHandler   stm32f4xx_it.o
    0x080024c4   0x0000000c   Code   RO         2561    i.TIM7_IRQHandler   stm32f4xx_it.o
    0x080024d0   0x000000c0   Code   RO         1826    i.TIM_Base_SetConfig  stm32f4xx_hal_tim.o
    0x08002590   0x00000014   Code   RO         1833    i.TIM_ETR_SetConfig  stm32f4xx_hal_tim.o
    0x080025a4   0x00000010   Code   RO         1834    i.TIM_ITRx_SetConfig  stm32f4xx_hal_tim.o
    0x080025b4   0x00000022   Code   RO         1840    i.TIM_TI1_ConfigInputStage  stm32f4xx_hal_tim.o
    0x080025d6   0x00000024   Code   RO         1842    i.TIM_TI2_ConfigInputStage  stm32f4xx_hal_tim.o
    0x080025fa   0x00000002   PAD
    0x080025fc   0x00000038   Code   RO         2562    i.UART4_IRQHandler  stm32f4xx_it.o
    0x08002634   0x00000096   Code   RO         1537    i.UART_Receive_IT   stm32f4xx_hal_uart.o
    0x080026ca   0x00000002   PAD
    0x080026cc   0x000002ac   Code   RO         1538    i.UART_SetConfig    stm32f4xx_hal_uart.o
    0x08002978   0x00000062   Code   RO         1539    i.UART_Transmit_IT  stm32f4xx_hal_uart.o
    0x080029da   0x00000096   Code   RO         1540    i.UART_WaitOnFlagUntilTimeout  stm32f4xx_hal_uart.o
    0x08002a70   0x0000000c   Code   RO         2563    i.USART3_IRQHandler  stm32f4xx_it.o
    0x08002a7c   0x0000000c   Code   RO         2564    i.USART6_IRQHandler  stm32f4xx_it.o
    0x08002a88   0x00000002   Code   RO         2565    i.UsageFault_Handler  stm32f4xx_it.o
    0x08002a8a   0x00000002   PAD
    0x08002a8c   0x00000020   Code   RO         3631    i.__0printf         mc_w.l(printfa.o)
    0x08002aac   0x00000030   Code   RO         3687    i.__ARM_fpclassify  m_wm.l(fpclassify.o)
    0x08002adc   0x00000004   PAD
    0x08002ae0   0x000002d8   Code   RO         3371    i.__hardfp_atan     m_wm.l(atan.o)
    0x08002db8   0x00000014   Code   RO         3385    i.__hardfp_fabs     m_wm.l(fabs.o)
    0x08002dcc   0x000000f8   Code   RO         3689    i.__kernel_poly     m_wm.l(poly.o)
    0x08002ec4   0x00000014   Code   RO         3674    i.__mathlib_dbl_infnan  m_wm.l(dunder.o)
    0x08002ed8   0x00000020   Code   RO         3679    i.__mathlib_dbl_underflow  m_wm.l(dunder.o)
    0x08002ef8   0x0000000e   Code   RO         3726    i.__scatterload_copy  mc_w.l(handlers.o)
    0x08002f06   0x00000002   Code   RO         3727    i.__scatterload_null  mc_w.l(handlers.o)
    0x08002f08   0x0000000e   Code   RO         3728    i.__scatterload_zeroinit  mc_w.l(handlers.o)
    0x08002f16   0x00000002   PAD
    0x08002f18   0x00000184   Code   RO         3638    i._fp_digits        mc_w.l(printfa.o)
    0x0800309c   0x000006dc   Code   RO         3639    i._printf_core      mc_w.l(printfa.o)
    0x08003778   0x00000024   Code   RO         3640    i._printf_post_padding  mc_w.l(printfa.o)
    0x0800379c   0x0000002e   Code   RO         3641    i._printf_pre_padding  mc_w.l(printfa.o)
    0x080037ca   0x00000002   PAD
    0x080037cc   0x00000020   Code   RO         2994    i.eMBEnable         mb.o
    0x080037ec   0x00000134   Code   RO         3100    i.eMBFuncReadHoldingRegister  mbfuncholding.o
    0x08003920   0x000000e8   Code   RO         3101    i.eMBFuncWriteHoldingRegister  mbfuncholding.o
    0x08003a08   0x000000cc   Code   RO         2995    i.eMBInit           mb.o
    0x08003ad4   0x000000d0   Code   RO         2996    i.eMBPoll           mb.o
    0x08003ba4   0x0000009c   Code   RO         3139    i.eMBRTUInit        mbrtu.o
    0x08003c40   0x00000058   Code   RO         3140    i.eMBRTUReceive     mbrtu.o
    0x08003c98   0x00000058   Code   RO         3141    i.eMBRTUSend        mbrtu.o
    0x08003cf0   0x0000001c   Code   RO         3142    i.eMBRTUStart       mbrtu.o
    0x08003d0c   0x00000012   Code   RO         3143    i.eMBRTUStop        mbrtu.o
    0x08003d1e   0x00000002   PAD
    0x08003d20   0x00000064   Code   RO         3102    i.eMBRegHoldingCB   mbfuncholding.o
    0x08003d84   0x00000018   Code   RO         3387    i.fabs              m_wm.l(fabs.o)
    0x08003d9c   0x00000018   Code   RO         2865    i.fputc             uart.o
    0x08003db4   0x000002ac   Code   RO         2670    i.main              main.o
    0x08004060   0x000000a4   Code   RO         2804    i.pid_control       pid_control.o
    0x08004104   0x00000018   Code   RO         3213    i.prveMBError2Exception  mbutils.o
    0x0800411c   0x00000034   Code   RO         2868    i.rad2deg           uart.o
    0x08004150   0x00000028   Code   RO         2870    i.uart_enc          uart.o
    0x08004178   0x00000028   Code   RO         2774    i.unxx_led_timer_callback  led.o
    0x080041a0   0x0000002c   Code   RO         3074    i.usMBCRC16         mbcrc.o
    0x080041cc   0x00000084   Code   RO         3288    i.vMBPortSerialEnable  portserial.o
    0x08004250   0x0000000c   Code   RO         3361    i.vMBPortTimersDisable  porttimer.o
    0x0800425c   0x00000014   Code   RO         3355    i.vMBPortTimersEnable  porttimer.o
    0x08004270   0x0000001c   Code   RO         3249    i.xMBPortEventGet   portevent.o
    0x0800428c   0x00000010   Code   RO         3250    i.xMBPortEventInit  portevent.o
    0x0800429c   0x00000010   Code   RO         3251    i.xMBPortEventPost  portevent.o
    0x080042ac   0x00000020   Code   RO         3289    i.xMBPortSerialGetByte  portserial.o
    0x080042cc   0x00000068   Code   RO         3290    i.xMBPortSerialInit  portserial.o
    0x08004334   0x00000030   Code   RO         3291    i.xMBPortSerialPutByte  portserial.o
    0x08004364   0x00000048   Code   RO         3337    i.xMBPortTimersInit  porttimer.o
    0x080043ac   0x00000064   Code   RO         3144    i.xMBRTUReceiveFSM  mbrtu.o
    0x08004410   0x00000028   Code   RO         3145    i.xMBRTUTimerT35Expired  mbrtu.o
    0x08004438   0x00000050   Code   RO         3146    i.xMBRTUTransmitFSM  mbrtu.o
    0x08004488   0x00000010   Data   RO          932    .constdata          stm32f4xx_hal_rcc.o
    0x08004498   0x00000014   Data   RO         2672    .constdata          main.o
    0x080044ac   0x00000200   Data   RO         3075    .constdata          mbcrc.o
    0x080046ac   0x00000004   PAD
    0x080046b0   0x00000098   Data   RO         3374    .constdata          m_wm.l(atan.o)
    0x08004748   0x00000020   Data   RO         3724    Region$$Table       anon$$obj.o


    Execution Region RW_IRAM1 (Base: 0x20000000, Size: 0x00001bb8, Max: 0x00030000, ABSOLUTE)

    Base Addr    Size         Type   Attr      Idx    E Section Name        Object

    0x20000000   0x00000004   Data   RW          336    .data               stm32f4xx_hal.o
    0x20000004   0x00000004   PAD
    0x20000008   0x00000020   Data   RW         2673    .data               main.o
    0x20000028   0x00000014   Data   RW         2809    .data               pid_control.o
    0x2000003c   0x00000004   Data   RW         2873    .data               uart.o
    0x20000040   0x00000004   Data   RW         2874    .data               uart.o
    0x20000044   0x00000004   Data   RW         2951    .data               system_stm32f4xx.o
    0x20000048   0x000000ac   Data   RW         2998    .data               mb.o
    0x200000f4   0x00000010   Data   RW         3103    .data               mbfuncholding.o
    0x20000104   0x0000000c   Data   RW         3148    .data               mbrtu.o
    0x20000110   0x00000002   Data   RW         3252    .data               portevent.o
    0x20000112   0x00000001   Data   RW         3292    .data               portserial.o
    0x20000113   0x00000001   PAD
    0x20000114   0x000001c8   Zero   RW         2671    .bss                main.o
    0x200002dc   0x00000004   PAD
    0x200002e0   0x000013d8   Zero   RW         2872    .bss                uart.o
    0x200016b8   0x00000100   Zero   RW         3147    .bss                mbrtu.o
    0x200017b8   0x00000400   Zero   RW         2982    STACK               startup_stm32f429xx.o


==============================================================================

Image component sizes


      Code (inc. data)   RO Data    RW Data    ZI Data      Debug   Object Name

       172         12          0          0          0       1072   led.o
      1924        430         20         32        456      11645   main.o
       444        132          0        172          0       5151   mb.o
        44          4        512          0          0       1128   mbcrc.o
       640        292          0         16          0       4329   mbfuncholding.o
       598        136          0         12        256       6056   mbrtu.o
        24          0          0          0          0        608   mbutils.o
       164         20          0         20          0       1074   pid_control.o
        60         14          0          2          0       2032   portevent.o
       316        106          0          1          0       3318   portserial.o
       104         56          0          0          0       1465   porttimer.o
        36          8        428          0       1024        796   startup_stm32f429xx.o
       136         16          0          4          0       4147   stm32f4xx_hal.o
       228         14          0          0          0      32077   stm32f4xx_hal_cortex.o
       240          0          0          0          0       3458   stm32f4xx_hal_dac.o
       504         58          0          0          0     415514   stm32f4xx_hal_gpio.o
       568         68          0          0          0       3744   stm32f4xx_hal_msp.o
       140         14          0          0          0       1272   stm32f4xx_hal_pwr_ex.o
      1316         68         16          0          0       5847   stm32f4xx_hal_rcc.o
      1176         44          0          0          0      11229   stm32f4xx_hal_tim.o
        84          0          0          0          0       2382   stm32f4xx_hal_tim_ex.o
      1734          8          0          0          0       8512   stm32f4xx_hal_uart.o
       188         36          0          0          0       6915   stm32f4xx_it.o
        84         18          0          4          0       1317   system_stm32f4xx.o
      1232        138          0          8       5080       5573   uart.o

    ----------------------------------------------------------------------
     12176       1692       1012        276       6820     540661   Object Totals
         0          0         32          0          0          0   (incl. Generated)
        20          0          4          5          4          0   (incl. Padding)

    ----------------------------------------------------------------------

      Code (inc. data)   RO Data    RW Data    ZI Data      Debug   Library Member Name

       728        106        152          0          0        228   atan.o
        52          8          0          0          0        248   dunder.o
        44          0          0          0          0        248   fabs.o
        48          0          0          0          0        124   fpclassify.o
       248          0          0          0          0        152   poly.o
         0          0          0          0          0          0   entry.o
         0          0          0          0          0          0   entry10a.o
         0          0          0          0          0          0   entry11a.o
         8          4          0          0          0          0   entry2.o
         4          0          0          0          0          0   entry5.o
         0          0          0          0          0          0   entry7b.o
         0          0          0          0          0          0   entry8b.o
         8          4          0          0          0          0   entry9a.o
        30          0          0          0          0          0   handlers.o
        36          8          0          0          0         68   init.o
         0          0          0          0          0          0   iusefp.o
        30          0          0          0          0         68   llshl.o
        36          0          0          0          0         68   llsshr.o
        32          0          0          0          0         68   llushr.o
        36          0          0          0          0         68   memcpya.o
      2258         90          0          0          0        452   printfa.o
        44          0          0          0          0         80   uidiv.o
        98          0          0          0          0         92   uldiv.o
        48          0          0          0          0         68   cdcmple.o
        48          0          0          0          0         68   cdrcmple.o
       334          0          0          0          0        148   dadd.o
       222          0          0          0          0        100   ddiv.o
       186          0          0          0          0        176   depilogue.o
        50          0          0          0          0         76   dfixui.o
        48          0          0          0          0         68   dfixul.o
        26          0          0          0          0         76   dfltui.o
       228          0          0          0          0         96   dmul.o

    ----------------------------------------------------------------------
      4940        220        152          0          0       2840   Library Totals
        10          0          0          0          0          0   (incl. Padding)

    ----------------------------------------------------------------------

      Code (inc. data)   RO Data    RW Data    ZI Data      Debug   Library Name

      1120        114        152          0          0       1000   m_wm.l
      2620        106          0          0          0        964   mc_w.l
      1190          0          0          0          0        876   mf_w.l

    ----------------------------------------------------------------------
      4940        220        152          0          0       2840   Library Totals

    ----------------------------------------------------------------------

==============================================================================


      Code (inc. data)   RO Data    RW Data    ZI Data      Debug   

     17116       1912       1164        276       6820     530917   Grand Totals
     17116       1912       1164        276       6820     530917   ELF Image Totals
     17116       1912       1164        276          0          0   ROM Totals

==============================================================================

    Total RO  Size (Code + RO Data)                18280 (  17.85kB)
    Total RW  Size (RW Data + ZI Data)              7096 (   6.93kB)
    Total ROM Size (Code + RO Data + RW Data)      18556 (  18.12kB)

==============================================================================

